<html>
<body>
<pre>
<h1>礦ision Build Log</h1>
<h2>Tool Versions:</h2>
IDE-Version: μVision V5.27.1.0
Copyright (C) 2019 ARM Ltd and ARM Germany GmbH. All rights reserved.
License Information: wys wangyisi, swjtu, LIC=14HV2-91A0N-II65V-PN3LM-FS84C-S9YJZ
 
Tool Versions:
Toolchain:       MDK-ARM Plus  Version: 5.25.0.0
Toolchain Path:  D:\Program Files\Keil_v5\ARM\ARMCC\Bin
C Compiler:      Armcc.exe V5.06 update 6 (build 750)
Assembler:       Armasm.exe V5.06 update 6 (build 750)
Linker/Locator:  ArmLink.exe V5.06 update 6 (build 750)
Library Manager: ArmAr.exe V5.06 update 6 (build 750)
Hex Converter:   FromElf.exe V5.06 update 6 (build 750)
CPU DLL:         SARMCM3.DLL V5.25.0.0
Dialog DLL:      DCM.DLL V1.17.0.0
Target DLL:      STLink\ST-LINKIII-KEIL_SWO.dll V3.0.1.0
Dialog DLL:      TCM.DLL V1.34.0.0
 
<h2>Project:</h2>
E:\zxxzl\jichuang\f4 - 副本 - 副本\MDK-ARM\f4.uvprojx
Project File Date:  07/19/2024

<h2>Output:</h2>
*** Using Compiler 'V5.06 update 6 (build 750)', folder: 'D:\Program Files\Keil_v5\ARM\ARMCC\Bin'
Rebuild target 'f4'
assembling startup_stm32f411xe.s...
compiling main.c...
compiling stm32f4xx_hal_i2c_ex.c...
compiling stm32f4xx_hal_msp.c...
compiling gpio.c...
compiling i2c.c...
compiling stm32f4xx_it.c...
compiling iwdg.c...
compiling dma.c...
compiling stm32f4xx_hal_flash_ramfunc.c...
compiling usart.c...
compiling stm32f4xx_hal_flash.c...
compiling stm32f4xx_hal_flash_ex.c...
compiling stm32f4xx_hal_rcc_ex.c...
compiling stm32f4xx_hal_rcc.c...
compiling stm32f4xx_hal_i2c.c...
compiling stm32f4xx_hal_gpio.c...
compiling stm32f4xx_hal_dma.c...
compiling stm32f4xx_hal_dma_ex.c...
compiling stm32f4xx_hal_cortex.c...
compiling stm32f4xx_hal_pwr_ex.c...
compiling stm32f4xx_hal_pwr.c...
compiling stm32f4xx_hal_iwdg.c...
compiling stm32f4xx_hal_tim.c...
compiling stm32f4xx_hal_tim_ex.c...
compiling stm32f4xx_hal.c...
compiling system_stm32f4xx.c...
compiling stm32f4xx_hal_exti.c...
compiling mpu6050.c...
compiling base64.c...
compiling MqttKit.c...
compiling stm32f4xx_hal_uart.c...
compiling cJSON.c...
..\CJSON\cJSON.c(55): warning:  #1293-D: assignment in condition
        if (!(copy = (char*)cJSON_malloc(len))) return 0;
..\CJSON\cJSON.c(278): warning:  #1293-D: assignment in condition
  	ptr=str;while ((token=*ptr) && ++len) {if (strchr("\"\\\b\f\n\r\t",token)) len++; else if (token<32) len+=5;ptr++;}
..\CJSON\cJSON.c(352): warning:  #111-D: statement is unreachable
  	return p.buffer;
..\CJSON\cJSON.c(423): warning:  #1293-D: assignment in condition
  		if (!(new_item=cJSON_New_Item())) return 0; 	/* memory fail */
..\CJSON\cJSON.c(535): warning:  #1293-D: assignment in condition
  		if (!(new_item=cJSON_New_Item()))	return 0; /* memory fail */
..\CJSON\cJSON.c: 5 warnings, 0 errors
compiling inv_mpu.c...
compiling pca9548.c...
compiling uart.c...
compiling inv_mpu_dmp_motion_driver.c...
compiling esp8266.c...
compiling hmac_sha1.c...
compiling OLED.c...
compiling onenet.c...
..\onenet\onenet.c(571): warning:  #177-D: variable "data_ptr"  was declared but never referenced
  				char *data_ptr = NULL;
..\onenet\onenet.c(557): warning:  #177-D: variable "dataPtr"  was declared but never referenced
  	char *dataPtr = NULL;
..\onenet\onenet.c(558): warning:  #177-D: variable "numBuf"  was declared but never referenced
  	char numBuf[10];
..\onenet\onenet.c(559): warning:  #177-D: variable "num"  was declared but never referenced
  	int num = 0;
..\onenet\onenet.c(561): warning:  #550-D: variable "led_json"  was set but never used
  	cJSON *raw_json, *params_json, *led_json;
..\onenet\onenet.c: 5 warnings, 0 errors
linking...
Program Size: Code=25662 RO-data=5458 RW-data=152 ZI-data=3368  
FromELF: creating hex file...
"f4\f4.axf" - 0 Error(s), 10 Warning(s).

<h2>Software Packages used:</h2>

Package Vendor: ARM
                http://www.keil.com/pack/ARM.CMSIS.5.2.0.pack
                ARM.CMSIS.5.2.0
                CMSIS (Cortex Microcontroller Software Interface Standard)
   * Component: CORE Version: 5.0.2

Package Vendor: Keil
                http://www.keil.com/pack/Keil.STM32F4xx_DFP.2.15.0.pack
                Keil.STM32F4xx_DFP.2.15.0
                STMicroelectronics STM32F4 Series Device Support, Drivers and Examples

<h2>Collection of Component include folders:</h2>
  .\RTE\_f4
  D:\Program Files\Keil_v5\ARM\PACK\ARM\CMSIS\5.2.0\CMSIS\Include
  D:\Program Files\Keil_v5\ARM\PACK\Keil\STM32F4xx_DFP\2.15.0\Drivers\CMSIS\Device\ST\STM32F4xx\Include

<h2>Collection of Component Files used:</h2>

   * Component: ARM::CMSIS:CORE:5.0.2
Build Time Elapsed:  00:00:07
</pre>
</body>
</html>
