Component: ARM Compiler 5.06 update 6 (build 750) Tool: armlink [4d35ed]

==============================================================================

Section Cross References

    startup_stm32f103xb.o(RESET) refers to startup_stm32f103xb.o(STACK) for __initial_sp
    startup_stm32f103xb.o(RESET) refers to startup_stm32f103xb.o(.text) for Reset_Handler
    startup_stm32f103xb.o(RESET) refers to stm32f1xx_it.o(i.NMI_Handler) for NMI_Handler
    startup_stm32f103xb.o(RESET) refers to stm32f1xx_it.o(i.HardFault_Handler) for HardFault_Handler
    startup_stm32f103xb.o(RESET) refers to stm32f1xx_it.o(i.MemManage_Handler) for MemManage_Handler
    startup_stm32f103xb.o(RESET) refers to stm32f1xx_it.o(i.BusFault_Handler) for BusFault_Handler
    startup_stm32f103xb.o(RESET) refers to stm32f1xx_it.o(i.UsageFault_Handler) for UsageFault_Handler
    startup_stm32f103xb.o(RESET) refers to stm32f1xx_it.o(i.SVC_Handler) for SVC_Handler
    startup_stm32f103xb.o(RESET) refers to stm32f1xx_it.o(i.DebugMon_Handler) for DebugMon_Handler
    startup_stm32f103xb.o(RESET) refers to stm32f1xx_it.o(i.PendSV_Handler) for PendSV_Handler
    startup_stm32f103xb.o(RESET) refers to stm32f1xx_it.o(i.SysTick_Handler) for SysTick_Handler
    startup_stm32f103xb.o(RESET) refers to stm32f1xx_it.o(i.DMA1_Channel4_IRQHandler) for DMA1_Channel4_IRQHandler
    startup_stm32f103xb.o(RESET) refers to stm32f1xx_it.o(i.DMA1_Channel5_IRQHandler) for DMA1_Channel5_IRQHandler
    startup_stm32f103xb.o(RESET) refers to stm32f1xx_it.o(i.DMA1_Channel7_IRQHandler) for DMA1_Channel7_IRQHandler
    startup_stm32f103xb.o(RESET) refers to stm32f1xx_it.o(i.USART1_IRQHandler) for USART1_IRQHandler
    startup_stm32f103xb.o(RESET) refers to stm32f1xx_it.o(i.USART2_IRQHandler) for USART2_IRQHandler
    startup_stm32f103xb.o(.text) refers to system_stm32f1xx.o(i.SystemInit) for SystemInit
    startup_stm32f103xb.o(.text) refers to entry.o(.ARM.Collect$$$$00000000) for __main
    main.o(i.SystemClock_Config) refers to memseta.o(.text) for __aeabi_memclr4
    main.o(i.SystemClock_Config) refers to stm32f1xx_hal_rcc.o(i.HAL_RCC_OscConfig) for HAL_RCC_OscConfig
    main.o(i.SystemClock_Config) refers to stm32f1xx_hal_rcc.o(i.HAL_RCC_ClockConfig) for HAL_RCC_ClockConfig
    main.o(i.main) refers to stm32f1xx_hal.o(i.HAL_Init) for HAL_Init
    main.o(i.main) refers to main.o(i.SystemClock_Config) for SystemClock_Config
    main.o(i.main) refers to gpio.o(i.MX_GPIO_Init) for MX_GPIO_Init
    main.o(i.main) refers to dma.o(i.MX_DMA_Init) for MX_DMA_Init
    main.o(i.main) refers to i2c.o(i.MX_I2C1_Init) for MX_I2C1_Init
    main.o(i.main) refers to usart.o(i.MX_USART1_UART_Init) for MX_USART1_UART_Init
    main.o(i.main) refers to usart.o(i.MX_USART2_UART_Init) for MX_USART2_UART_Init
    main.o(i.main) refers to stm32f1xx_hal_uart.o(i.HAL_UART_Receive_IT) for HAL_UART_Receive_IT
    main.o(i.main) refers to stm32f1xx_hal.o(i.HAL_Delay) for HAL_Delay
    main.o(i.main) refers to oled.o(i.OLED_Init) for OLED_Init
    main.o(i.main) refers to oled.o(i.OLED_Clear) for OLED_Clear
    main.o(i.main) refers to esp8266.o(i.ESP8266_Init) for ESP8266_Init
    main.o(i.main) refers to onenet.o(i.OneNet_DevLink) for OneNet_DevLink
    main.o(i.main) refers to pca9548.o(i.selectPort) for selectPort
    main.o(i.main) refers to mpu6050.o(i.MPU_Init) for MPU_Init
    main.o(i.main) refers to oled.o(i.OLED_ShowString) for OLED_ShowString
    main.o(i.main) refers to oled.o(i.OLED_ShowNum) for OLED_ShowNum
    main.o(i.main) refers to inv_mpu.o(i.mpu_dmp_init) for mpu_dmp_init
    main.o(i.main) refers to printfa.o(i.__0printf) for __2printf
    main.o(i.main) refers to main.o(i.sentData_Uart) for sentData_Uart
    main.o(i.main) refers to onenet.o(i.OneNet_SendData) for OneNet_SendData
    main.o(i.main) refers to esp8266.o(i.ESP8266_Clear) for ESP8266_Clear
    main.o(i.main) refers to uart.o(.data) for Uart1_RxData
    main.o(i.main) refers to usart.o(.bss) for huart1
    main.o(i.main) refers to main.o(.data) for .data
    main.o(i.sentData_Uart) refers to pca9548.o(i.selectPort) for selectPort
    main.o(i.sentData_Uart) refers to inv_mpu.o(i.mpu_dmp_get_data) for mpu_dmp_get_data
    main.o(i.sentData_Uart) refers to memseta.o(.text) for __aeabi_memclr
    main.o(i.sentData_Uart) refers to f2d.o(.text) for __aeabi_f2d
    main.o(i.sentData_Uart) refers to printfa.o(i.__0snprintf) for __2snprintf
    main.o(i.sentData_Uart) refers to stm32f1xx_hal_uart.o(i.HAL_UART_Transmit_DMA) for HAL_UART_Transmit_DMA
    main.o(i.sentData_Uart) refers to ffixi.o(.text) for __aeabi_f2iz
    main.o(i.sentData_Uart) refers to main.o(.data) for .data
    main.o(i.sentData_Uart) refers to usart.o(.bss) for huart2
    main.o(i.sentData_Uart) refers to main.o(.bss) for .bss
    gpio.o(i.MX_GPIO_Init) refers to stm32f1xx_hal_gpio.o(i.HAL_GPIO_WritePin) for HAL_GPIO_WritePin
    gpio.o(i.MX_GPIO_Init) refers to stm32f1xx_hal_gpio.o(i.HAL_GPIO_Init) for HAL_GPIO_Init
[...]
    i.UART_EndTxTransfer                     0x08004224   Section        0  stm32f1xx_hal_uart.o(i.UART_EndTxTransfer)
    UART_EndTxTransfer                       0x08004225   Thumb Code    28  stm32f1xx_hal_uart.o(i.UART_EndTxTransfer)
    i.UART_Receive_IT                        0x08004240   Section        0  stm32f1xx_hal_uart.o(i.UART_Receive_IT)
    UART_Receive_IT                          0x08004241   Thumb Code   194  stm32f1xx_hal_uart.o(i.UART_Receive_IT)
    i.UART_SetConfig                         0x08004304   Section        0  stm32f1xx_hal_uart.o(i.UART_SetConfig)
    UART_SetConfig                           0x08004305   Thumb Code   178  stm32f1xx_hal_uart.o(i.UART_SetConfig)
    i.UART_Start_Receive_IT                  0x080043bc   Section        0  stm32f1xx_hal_uart.o(i.UART_Start_Receive_IT)
    i.UART_WaitOnFlagUntilTimeout            0x080043f2   Section        0  stm32f1xx_hal_uart.o(i.UART_WaitOnFlagUntilTimeout)
    UART_WaitOnFlagUntilTimeout              0x080043f3   Thumb Code   120  stm32f1xx_hal_uart.o(i.UART_WaitOnFlagUntilTimeout)
    i.USART1_IRQHandler                      0x0800446c   Section        0  stm32f1xx_it.o(i.USART1_IRQHandler)
    i.USART2_IRQHandler                      0x08004478   Section        0  stm32f1xx_it.o(i.USART2_IRQHandler)
    i.UsageFault_Handler                     0x08004484   Section        0  stm32f1xx_it.o(i.UsageFault_Handler)
    i.Usart_SendString                       0x08004486   Section        0  esp8266.o(i.Usart_SendString)
    i.__0printf                              0x080044a0   Section        0  printfa.o(i.__0printf)
    i.__0snprintf                            0x080044c0   Section        0  printfa.o(i.__0snprintf)
    i.__0sprintf                             0x080044f0   Section        0  printfa.o(i.__0sprintf)
    i.__ARM_fpclassify                       0x08004518   Section        0  fpclassify.o(i.__ARM_fpclassify)
    i.__NVIC_SetPriority                     0x08004540   Section        0  stm32f1xx_hal_cortex.o(i.__NVIC_SetPriority)
    __NVIC_SetPriority                       0x08004541   Thumb Code    32  stm32f1xx_hal_cortex.o(i.__NVIC_SetPriority)
    i.__kernel_poly                          0x08004560   Section        0  poly.o(i.__kernel_poly)
    i.__mathlib_dbl_infnan                   0x0800460a   Section        0  dunder.o(i.__mathlib_dbl_infnan)
    i.__mathlib_dbl_infnan2                  0x08004610   Section        0  dunder.o(i.__mathlib_dbl_infnan2)
    i.__mathlib_dbl_invalid                  0x08004614   Section        0  dunder.o(i.__mathlib_dbl_invalid)
    i.__mathlib_dbl_underflow                0x08004620   Section        0  dunder.o(i.__mathlib_dbl_underflow)
    i.__scatterload_copy                     0x08004630   Section       14  handlers.o(i.__scatterload_copy)
    i.__scatterload_null                     0x0800463e   Section        2  handlers.o(i.__scatterload_null)
    i.__scatterload_zeroinit                 0x08004640   Section       14  handlers.o(i.__scatterload_zeroinit)
    i.__set_errno                            0x08004650   Section        0  errno.o(i.__set_errno)
    i._fp_digits                             0x0800465c   Section        0  printfa.o(i._fp_digits)
    _fp_digits                               0x0800465d   Thumb Code   366  printfa.o(i._fp_digits)
    i._printf_core                           0x080047e0   Section        0  printfa.o(i._printf_core)
    _printf_core                             0x080047e1   Thumb Code  1744  printfa.o(i._printf_core)
    i._printf_post_padding                   0x08004ebc   Section        0  printfa.o(i._printf_post_padding)
    _printf_post_padding                     0x08004ebd   Thumb Code    36  printfa.o(i._printf_post_padding)
    i._printf_pre_padding                    0x08004ee0   Section        0  printfa.o(i._printf_pre_padding)
    _printf_pre_padding                      0x08004ee1   Thumb Code    46  printfa.o(i._printf_pre_padding)
    i._snputc                                0x08004f0e   Section        0  printfa.o(i._snputc)
    _snputc                                  0x08004f0f   Thumb Code    22  printfa.o(i._snputc)
    i._sputc                                 0x08004f24   Section        0  printfa.o(i._sputc)
    _sputc                                   0x08004f25   Thumb Code    10  printfa.o(i._sputc)
    i.asin                                   0x08004f30   Section        0  asin.o(i.asin)
    i.atan                                   0x080051a0   Section        0  atan.o(i.atan)
    i.atan2                                  0x080053c0   Section        0  atan2.o(i.atan2)
    i.dmp_enable_6x_lp_quat                  0x08005540   Section        0  inv_mpu_dmp_motion_driver.o(i.dmp_enable_6x_lp_quat)
    i.dmp_enable_feature                     0x0800557c   Section        0  inv_mpu_dmp_motion_driver.o(i.dmp_enable_feature)
    i.dmp_enable_gyro_cal                    0x08005754   Section        0  inv_mpu_dmp_motion_driver.o(i.dmp_enable_gyro_cal)
    i.dmp_enable_lp_quat                     0x08005790   Section        0  inv_mpu_dmp_motion_driver.o(i.dmp_enable_lp_quat)
    i.dmp_load_motion_driver_firmware        0x080057cc   Section        0  inv_mpu_dmp_motion_driver.o(i.dmp_load_motion_driver_firmware)
    i.dmp_read_fifo                          0x080057e0   Section        0  inv_mpu_dmp_motion_driver.o(i.dmp_read_fifo)
    i.dmp_set_fifo_rate                      0x08005924   Section        0  inv_mpu_dmp_motion_driver.o(i.dmp_set_fifo_rate)
    i.dmp_set_orientation                    0x08005988   Section        0  inv_mpu_dmp_motion_driver.o(i.dmp_set_orientation)
    i.dmp_set_shake_reject_thresh            0x08005a94   Section        0  inv_mpu_dmp_motion_driver.o(i.dmp_set_shake_reject_thresh)
    i.dmp_set_shake_reject_time              0x08005ac4   Section        0  inv_mpu_dmp_motion_driver.o(i.dmp_set_shake_reject_time)
    i.dmp_set_shake_reject_timeout           0x08005ae4   Section        0  inv_mpu_dmp_motion_driver.o(i.dmp_set_shake_reject_timeout)
    i.dmp_set_tap_axes                       0x08005b04   Section        0  inv_mpu_dmp_motion_driver.o(i.dmp_set_tap_axes)
    i.dmp_set_tap_count                      0x08005b44   Section        0  inv_mpu_dmp_motion_driver.o(i.dmp_set_tap_count)
    i.dmp_set_tap_thresh                     0x08005b68   Section        0  inv_mpu_dmp_motion_driver.o(i.dmp_set_tap_thresh)
    i.dmp_set_tap_time                       0x08005c90   Section        0  inv_mpu_dmp_motion_driver.o(i.dmp_set_tap_time)
    i.dmp_set_tap_time_multi                 0x08005cb0   Section        0  inv_mpu_dmp_motion_driver.o(i.dmp_set_tap_time_multi)
    i.fputc                                  0x08005cd0   Section        0  usart.o(i.fputc)
    i.free                                   0x08005ce8   Section        0  malloc.o(i.free)
    i.ft                                     0x08005d38   Section        0  hmac_sha1.o(i.ft)
    i.hmac_sha1                              0x08005d70   Section        0  hmac_sha1.o(i.hmac_sha1)
    i.inv_orientation_matrix_to_scalar       0x08005e60   Section        0  inv_mpu.o(i.inv_orientation_matrix_to_scalar)
    i.inv_row_2_scale                        0x08005e82   Section        0  inv_mpu.o(i.inv_row_2_scale)
    i.k                                      0x08005ecc   Section        0  hmac_sha1.o(i.k)
    i.main                                   0x08005f00   Section        0  main.o(i.main)
    i.malloc                                 0x08006088   Section        0  malloc.o(i.malloc)
    i.mget_ms                                0x080060f4   Section        0  inv_mpu.o(i.mget_ms)
    i.mpu_configure_fifo                     0x080060f8   Section        0  inv_mpu.o(i.mpu_configure_fifo)
    i.mpu_dmp_get_data                       0x0800614c   Section        0  inv_mpu.o(i.mpu_dmp_get_data)
    i.mpu_dmp_init                           0x080062e8   Section        0  inv_mpu.o(i.mpu_dmp_init)
    i.mpu_get_accel_fsr                      0x0800637c   Section        0  inv_mpu.o(i.mpu_get_accel_fsr)
    i.mpu_init                               0x080063b8   Section        0  inv_mpu.o(i.mpu_init)
    i.mpu_load_firmware                      0x08006540   Section        0  inv_mpu.o(i.mpu_load_firmware)
    i.mpu_lp_accel_mode                      0x080065e0   Section        0  inv_mpu.o(i.mpu_lp_accel_mode)
    i.mpu_read_fifo_stream                   0x08006698   Section        0  inv_mpu.o(i.mpu_read_fifo_stream)
    i.mpu_read_mem                           0x08006728   Section        0  inv_mpu.o(i.mpu_read_mem)
    i.mpu_reset_fifo                         0x0800677c   Section        0  inv_mpu.o(i.mpu_reset_fifo)
    i.mpu_set_accel_fsr                      0x080068dc   Section        0  inv_mpu.o(i.mpu_set_accel_fsr)
    i.mpu_set_bypass                         0x08006944   Section        0  inv_mpu.o(i.mpu_set_bypass)
    i.mpu_set_dmp_state                      0x08006a20   Section        0  inv_mpu.o(i.mpu_set_dmp_state)
    i.mpu_set_gyro_fsr                       0x08006a98   Section        0  inv_mpu.o(i.mpu_set_gyro_fsr)
    i.mpu_set_int_latched                    0x08006b04   Section        0  inv_mpu.o(i.mpu_set_int_latched)
    i.mpu_set_lpf                            0x08006b68   Section        0  inv_mpu.o(i.mpu_set_lpf)
    i.mpu_set_sample_rate                    0x08006bd4   Section        0  inv_mpu.o(i.mpu_set_sample_rate)
    i.mpu_set_sensors                        0x08006c54   Section        0  inv_mpu.o(i.mpu_set_sensors)
    i.mpu_write_mem                          0x08006d0c   Section        0  inv_mpu.o(i.mpu_write_mem)
    i.rotl                                   0x08006d60   Section        0  hmac_sha1.o(i.rotl)
    i.selectPort                             0x08006d7c   Section        0  pca9548.o(i.selectPort)
    i.sentData_Uart                          0x08006da4   Section        0  main.o(i.sentData_Uart)
    i.set_int_enable                         0x08006eac   Section        0  inv_mpu.o(i.set_int_enable)
    set_int_enable                           0x08006ead   Thumb Code    84  inv_mpu.o(i.set_int_enable)
    i.sha1                                   0x08006f04   Section        0  hmac_sha1.o(i.sha1)
    i.sqrt                                   0x080070e8   Section        0  sqrt.o(i.sqrt)
    .constdata                               0x08007134   Section       18  stm32f1xx_hal_rcc.o(.constdata)
    aPredivFactorTable                       0x08007134   Data           2  stm32f1xx_hal_rcc.o(.constdata)
    aPLLMULFactorTable                       0x08007136   Data          16  stm32f1xx_hal_rcc.o(.constdata)
    .constdata                               0x08007146   Section       16  system_stm32f1xx.o(.constdata)
    .constdata                               0x08007156   Section        8  system_stm32f1xx.o(.constdata)
    .constdata                               0x0800715e   Section       27  inv_mpu.o(.constdata)
    .constdata                               0x0800717a   Section       12  inv_mpu.o(.constdata)
    .constdata                               0x08007188   Section       40  inv_mpu.o(.constdata)
    .constdata                               0x080071b0   Section     3062  inv_mpu_dmp_motion_driver.o(.constdata)
    dmp_memory                               0x080071b0   Data        3062  inv_mpu_dmp_motion_driver.o(.constdata)
    .constdata                               0x08007da6   Section      192  base64.o(.constdata)
    base64_enc_map                           0x08007da6   Data          64  base64.o(.constdata)
    base64_dec_map                           0x08007de6   Data         128  base64.o(.constdata)
    .constdata                               0x08007e66   Section     1520  oled.o(.constdata)
    .constdata                               0x08008458   Section       80  asin.o(.constdata)
    pS                                       0x08008458   Data          48  asin.o(.constdata)
    qS                                       0x08008488   Data          32  asin.o(.constdata)
    .constdata                               0x080084a8   Section      152  atan.o(.constdata)
    atanhi                                   0x080084a8   Data          32  atan.o(.constdata)
    atanlo                                   0x080084c8   Data          32  atan.o(.constdata)
    aTodd                                    0x080084e8   Data          40  atan.o(.constdata)
    aTeven                                   0x08008510   Data          48  atan.o(.constdata)
    .constdata                               0x08008540   Section        8  qnan.o(.constdata)
    .conststring                             0x08008548   Section       77  inv_mpu.o(.conststring)
    .conststring                             0x08008598   Section       71  onenet.o(.conststring)
    .data                                    0x20000000   Section       60  main.o(.data)
    .data                                    0x2000003c   Section       12  stm32f1xx_hal.o(.data)
    .data                                    0x20000048   Section        4  system_stm32f1xx.o(.data)
    .data                                    0x2000004c   Section       53  inv_mpu.o(.data)
    st                                       0x2000004c   Data          44  inv_mpu.o(.data)
    gyro_orientation                         0x20000078   Data           9  inv_mpu.o(.data)
    .data                                    0x20000082   Section        4  esp8266.o(.data)
    .data                                    0x20000086   Section        1  uart.o(.data)
    .data                                    0x20000088   Section        4  stdout.o(.data)
    .data                                    0x2000008c   Section        4  mvars.o(.data)
    .data                                    0x20000090   Section        4  mvars.o(.data)
    .data                                    0x20000094   Section        4  errno.o(.data)
    _errno                                   0x20000094   Data           4  errno.o(.data)
    .bss                                     0x20000098   Section       50  main.o(.bss)
    .bss                                     0x200000cc   Section       84  i2c.o(.bss)
    .bss                                     0x20000120   Section      348  usart.o(.bss)
    .bss                                     0x2000027c   Section       16  inv_mpu_dmp_motion_driver.o(.bss)
    dmp                                      0x2000027c   Data          16  inv_mpu_dmp_motion_driver.o(.bss)
    .bss                                     0x2000028c   Section      128  esp8266.o(.bss)
    HEAP                                     0x20000310   Section      512  startup_stm32f103xb.o(HEAP)
    STACK                                    0x20000510   Section     2048  startup_stm32f103xb.o(STACK)

    Global Symbols

    Symbol Name                              Value     Ov Type        Size  Object(Section)

    BuildAttributes$$THM_ISAv4$P$D$K$B$S$PE$A:L22UL41UL21$X:L11$S22US41US21$IEEE1$IW$USESV6$~STKCKD$USESV7$~SHL$OTIME$ROPI$IEEEX$EBA8$MICROLIB$REQ8$PRES8$EABIv2 0x00000000   Number         0  anon$$obj.o ABSOLUTE
    __ARM_use_no_argv                        0x00000000   Number         0  main.o ABSOLUTE
    _printf_a                                0x00000000   Number         0  stubs.o ABSOLUTE
    _printf_c                                0x00000000   Number         0  stubs.o ABSOLUTE
    _printf_charcount                        0x00000000   Number         0  stubs.o ABSOLUTE
    _printf_d                                0x00000000   Number         0  stubs.o ABSOLUTE
    _printf_e                                0x00000000   Number         0  stubs.o ABSOLUTE
    _printf_f                                0x00000000   Number         0  stubs.o ABSOLUTE
    _printf_flags                            0x00000000   Number         0  stubs.o ABSOLUTE
    _printf_fp_dec                           0x00000000   Number         0  stubs.o ABSOLUTE
    _printf_fp_hex                           0x00000000   Number         0  stubs.o ABSOLUTE
    _printf_g                                0x00000000   Number         0  stubs.o ABSOLUTE
    _printf_i                                0x00000000   Number         0  stubs.o ABSOLUTE
    _printf_int_dec                          0x00000000   Number         0  stubs.o ABSOLUTE
    _printf_l                                0x00000000   Number         0  stubs.o ABSOLUTE
    _printf_lc                               0x00000000   Number         0  stubs.o ABSOLUTE
    _printf_ll                               0x00000000   Number         0  stubs.o ABSOLUTE
    _printf_lld                              0x00000000   Number         0  stubs.o ABSOLUTE
    _printf_lli                              0x00000000   Number         0  stubs.o ABSOLUTE
    _printf_llo                              0x00000000   Number         0  stubs.o ABSOLUTE
    _printf_llu                              0x00000000   Number         0  stubs.o ABSOLUTE
    _printf_llx                              0x00000000   Number         0  stubs.o ABSOLUTE
    _printf_longlong_dec                     0x00000000   Number         0  stubs.o ABSOLUTE
    _printf_longlong_hex                     0x00000000   Number         0  stubs.o ABSOLUTE
    _printf_longlong_oct                     0x00000000   Number         0  stubs.o ABSOLUTE
    _printf_ls                               0x00000000   Number         0  stubs.o ABSOLUTE
    _printf_mbtowc                           0x00000000   Number         0  stubs.o ABSOLUTE
    _printf_n                                0x00000000   Number         0  stubs.o ABSOLUTE
    _printf_o                                0x00000000   Number         0  stubs.o ABSOLUTE
    _printf_p                                0x00000000   Number         0  stubs.o ABSOLUTE
    _printf_percent                          0x00000000   Number         0  stubs.o ABSOLUTE
    _printf_pre_padding                      0x00000000   Number         0  stubs.o ABSOLUTE
    _printf_return_value                     0x00000000   Number         0  stubs.o ABSOLUTE
    _printf_s                                0x00000000   Number         0  stubs.o ABSOLUTE
    _printf_sizespec                         0x00000000   Number         0  stubs.o ABSOLUTE
    _printf_str                              0x00000000   Number         0  stubs.o ABSOLUTE
    _printf_truncate_signed                  0x00000000   Number         0  stubs.o ABSOLUTE
    _printf_truncate_unsigned                0x00000000   Number         0  stubs.o ABSOLUTE
    _printf_u                                0x00000000   Number         0  stubs.o ABSOLUTE
    _printf_wc                               0x00000000   Number         0  stubs.o ABSOLUTE
    _printf_wctomb                           0x00000000   Number         0  stubs.o ABSOLUTE
    _printf_widthprec                        0x00000000   Number         0  stubs.o ABSOLUTE
    _printf_x                                0x00000000   Number         0  stubs.o ABSOLUTE
    __cpp_initialize__aeabi_                  - Undefined Weak Reference
    __cxa_finalize                            - Undefined Weak Reference
    __decompress                              - Undefined Weak Reference
    _clock_init                               - Undefined Weak Reference
    _microlib_exit                            - Undefined Weak Reference
    _scanf_longlong                           - Undefined Weak Reference
    _scanf_real                               - Undefined Weak Reference
    __Vectors_Size                           0x000000ec   Number         0  startup_stm32f103xb.o ABSOLUTE
    __Vectors                                0x08000000   Data           4  startup_stm32f103xb.o(RESET)
    __Vectors_End                            0x080000ec   Data           0  startup_stm32f103xb.o(RESET)
    __main                                   0x080000ed   Thumb Code     0  entry.o(.ARM.Collect$$$$00000000)
    _main_stk                                0x080000ed   Thumb Code     0  entry2.o(.ARM.Collect$$$$00000001)
    _main_scatterload                        0x080000f1   Thumb Code     0  entry5.o(.ARM.Collect$$$$00000004)
    __main_after_scatterload                 0x080000f5   Thumb Code     0  entry5.o(.ARM.Collect$$$$00000004)
    _main_clock                              0x080000f5   Thumb Code     0  entry7b.o(.ARM.Collect$$$$00000008)
    _main_cpp_init                           0x080000f5   Thumb Code     0  entry8b.o(.ARM.Collect$$$$0000000A)
    _main_init                               0x080000f5   Thumb Code     0  entry9a.o(.ARM.Collect$$$$0000000B)
    __rt_final_cpp                           0x080000fd   Thumb Code     0  entry10a.o(.ARM.Collect$$$$0000000D)
    __rt_final_exit                          0x080000fd   Thumb Code     0  entry11a.o(.ARM.Collect$$$$0000000F)
    Reset_Handler                            0x08000101   Thumb Code     8  startup_stm32f103xb.o(.text)
    ADC1_2_IRQHandler                        0x0800011b   Thumb Code     0  startup_stm32f103xb.o(.text)
    CAN1_RX1_IRQHandler                      0x0800011b   Thumb Code     0  startup_stm32f103xb.o(.text)
    CAN1_SCE_IRQHandler                      0x0800011b   Thumb Code     0  startup_stm32f103xb.o(.text)
    DMA1_Channel1_IRQHandler                 0x0800011b   Thumb Code     0  startup_stm32f103xb.o(.text)
    DMA1_Channel2_IRQHandler                 0x0800011b   Thumb Code     0  startup_stm32f103xb.o(.text)
    DMA1_Channel3_IRQHandler                 0x0800011b   Thumb Code     0  startup_stm32f103xb.o(.text)
    DMA1_Channel6_IRQHandler                 0x0800011b   Thumb Code     0  startup_stm32f103xb.o(.text)
    EXTI0_IRQHandler                         0x0800011b   Thumb Code     0  startup_stm32f103xb.o(.text)
    EXTI15_10_IRQHandler                     0x0800011b   Thumb Code     0  startup_stm32f103xb.o(.text)
    EXTI1_IRQHandler                         0x0800011b   Thumb Code     0  startup_stm32f103xb.o(.text)
    EXTI2_IRQHandler                         0x0800011b   Thumb Code     0  startup_stm32f103xb.o(.text)
    EXTI3_IRQHandler                         0x0800011b   Thumb Code     0  startup_stm32f103xb.o(.text)
    EXTI4_IRQHandler                         0x0800011b   Thumb Code     0  startup_stm32f103xb.o(.text)
    EXTI9_5_IRQHandler                       0x0800011b   Thumb Code     0  startup_stm32f103xb.o(.text)
    FLASH_IRQHandler                         0x0800011b   Thumb Code     0  startup_stm32f103xb.o(.text)
    I2C1_ER_IRQHandler                       0x0800011b   Thumb Code     0  startup_stm32f103xb.o(.text)
    I2C1_EV_IRQHandler                       0x0800011b   Thumb Code     0  startup_stm32f103xb.o(.text)
    I2C2_ER_IRQHandler                       0x0800011b   Thumb Code     0  startup_stm32f103xb.o(.text)
    I2C2_EV_IRQHandler                       0x0800011b   Thumb Code     0  startup_stm32f103xb.o(.text)
    PVD_IRQHandler                           0x0800011b   Thumb Code     0  startup_stm32f103xb.o(.text)
    RCC_IRQHandler                           0x0800011b   Thumb Code     0  startup_stm32f103xb.o(.text)
    RTC_Alarm_IRQHandler                     0x0800011b   Thumb Code     0  startup_stm32f103xb.o(.text)
    RTC_IRQHandler                           0x0800011b   Thumb Code     0  startup_stm32f103xb.o(.text)
    SPI1_IRQHandler                          0x0800011b   Thumb Code     0  startup_stm32f103xb.o(.text)
    SPI2_IRQHandler                          0x0800011b   Thumb Code     0  startup_stm32f103xb.o(.text)
    TAMPER_IRQHandler                        0x0800011b   Thumb Code     0  startup_stm32f103xb.o(.text)
    TIM1_BRK_IRQHandler                      0x0800011b   Thumb Code     0  startup_stm32f103xb.o(.text)
    TIM1_CC_IRQHandler                       0x0800011b   Thumb Code     0  startup_stm32f103xb.o(.text)
    TIM1_TRG_COM_IRQHandler                  0x0800011b   Thumb Code     0  startup_stm32f103xb.o(.text)
    TIM1_UP_IRQHandler                       0x0800011b   Thumb Code     0  startup_stm32f103xb.o(.text)
    TIM2_IRQHandler                          0x0800011b   Thumb Code     0  startup_stm32f103xb.o(.text)
    TIM3_IRQHandler                          0x0800011b   Thumb Code     0  startup_stm32f103xb.o(.text)
    TIM4_IRQHandler                          0x0800011b   Thumb Code     0  startup_stm32f103xb.o(.text)
    USART3_IRQHandler                        0x0800011b   Thumb Code     0  startup_stm32f103xb.o(.text)
    USBWakeUp_IRQHandler                     0x0800011b   Thumb Code     0  startup_stm32f103xb.o(.text)
    USB_HP_CAN1_TX_IRQHandler                0x0800011b   Thumb Code     0  startup_stm32f103xb.o(.text)
    USB_LP_CAN1_RX0_IRQHandler               0x0800011b   Thumb Code     0  startup_stm32f103xb.o(.text)
    WWDG_IRQHandler                          0x0800011b   Thumb Code     0  startup_stm32f103xb.o(.text)
    __aeabi_llsr                             0x08000125   Thumb Code    32  llushr.o(.text)
    _ll_ushift_r                             0x08000125   Thumb Code     0  llushr.o(.text)
    __aeabi_memcpy                           0x08000145   Thumb Code    36  memcpya.o(.text)
    __aeabi_memcpy4                          0x08000145   Thumb Code     0  memcpya.o(.text)
    __aeabi_memcpy8                          0x08000145   Thumb Code     0  memcpya.o(.text)
    __aeabi_memset                           0x08000169   Thumb Code    14  memseta.o(.text)
    __aeabi_memset4                          0x08000169   Thumb Code     0  memseta.o(.text)
    __aeabi_memset8                          0x08000169   Thumb Code     0  memseta.o(.text)
    __aeabi_memclr                           0x08000177   Thumb Code     4  memseta.o(.text)
    __aeabi_memclr4                          0x08000177   Thumb Code     0  memseta.o(.text)
    __aeabi_memclr8                          0x08000177   Thumb Code     0  memseta.o(.text)
    _memset$wrapper                          0x0800017b   Thumb Code    18  memseta.o(.text)
    strcat                                   0x0800018d   Thumb Code    24  strcat.o(.text)
    strstr                                   0x080001a5   Thumb Code    36  strstr.o(.text)
    strchr                                   0x080001c9   Thumb Code    20  strchr.o(.text)
    strlen                                   0x080001dd   Thumb Code    14  strlen.o(.text)
    memcmp                                   0x080001eb   Thumb Code    26  memcmp.o(.text)
    strncat                                  0x08000205   Thumb Code    40  strncat.o(.text)
    strcpy                                   0x0800022d   Thumb Code    18  strcpy.o(.text)
    __aeabi_fadd                             0x0800023f   Thumb Code   164  fadd.o(.text)
    __aeabi_fsub                             0x080002e3   Thumb Code     6  fadd.o(.text)
    __aeabi_frsub                            0x080002e9   Thumb Code     6  fadd.o(.text)
    __aeabi_fmul                             0x080002ef   Thumb Code   100  fmul.o(.text)
    __aeabi_fdiv                             0x08000353   Thumb Code   124  fdiv.o(.text)
    __ARM_scalbnf                            0x080003cf   Thumb Code    24  fscalb.o(.text)
    scalbnf                                  0x080003cf   Thumb Code     0  fscalb.o(.text)
    __aeabi_dadd                             0x080003e7   Thumb Code   322  dadd.o(.text)
    __aeabi_dsub                             0x08000529   Thumb Code     6  dadd.o(.text)
    __aeabi_drsub                            0x0800052f   Thumb Code     6  dadd.o(.text)
    __aeabi_dmul                             0x08000535   Thumb Code   228  dmul.o(.text)
    __aeabi_ddiv                             0x08000619   Thumb Code   222  ddiv.o(.text)
    __aeabi_i2f                              0x080006f7   Thumb Code    18  fflti.o(.text)
    __aeabi_ui2f                             0x08000709   Thumb Code    10  ffltui.o(.text)
    __aeabi_f2iz                             0x08000713   Thumb Code    50  ffixi.o(.text)
    __aeabi_f2uiz                            0x08000745   Thumb Code    40  ffixui.o(.text)
    __aeabi_f2d                              0x0800076d   Thumb Code    38  f2d.o(.text)
    __aeabi_cdrcmple                         0x08000795   Thumb Code    48  cdrcmple.o(.text)
    __aeabi_d2f                              0x080007c5   Thumb Code    56  d2f.o(.text)
    __aeabi_uidiv                            0x080007fd   Thumb Code     0  uidiv.o(.text)
    __aeabi_uidivmod                         0x080007fd   Thumb Code    44  uidiv.o(.text)
    __aeabi_uldivmod                         0x08000829   Thumb Code    98  uldiv.o(.text)
    __aeabi_llsl                             0x0800088b   Thumb Code    30  llshl.o(.text)
    _ll_shift_l                              0x0800088b   Thumb Code     0  llshl.o(.text)
    __aeabi_lasr                             0x080008a9   Thumb Code    36  llsshr.o(.text)
    _ll_sshift_r                             0x080008a9   Thumb Code     0  llsshr.o(.text)
    __I$use$fp                               0x080008cd   Thumb Code     0  iusefp.o(.text)
    _float_round                             0x080008cd   Thumb Code    18  fepilogue.o(.text)
    _float_epilogue                          0x080008df   Thumb Code    92  fepilogue.o(.text)
    _double_round                            0x0800093b   Thumb Code    30  depilogue.o(.text)
    _double_epilogue                         0x08000959   Thumb Code   156  depilogue.o(.text)
    __ARM_scalbn                             0x080009f5   Thumb Code    46  dscalb.o(.text)
    scalbn                                   0x080009f5   Thumb Code     0  dscalb.o(.text)
    __aeabi_d2ulz                            0x08000a23   Thumb Code    48  dfixul.o(.text)
    __scatterload                            0x08000a55   Thumb Code    28  init.o(.text)
    __scatterload_rt2                        0x08000a55   Thumb Code     0  init.o(.text)
    _dsqrt                                   0x08000a79   Thumb Code   162  dsqrt.o(.text)
    BASE64_Decode                            0x08000b1d   Thumb Code   308  base64.o(i.BASE64_Decode)
    BASE64_Encode                            0x08000c55   Thumb Code   270  base64.o(i.BASE64_Encode)
    BusFault_Handler                         0x08000d69   Thumb Code     2  stm32f1xx_it.o(i.BusFault_Handler)
    DMA1_Channel4_IRQHandler                 0x08000d6d   Thumb Code     6  stm32f1xx_it.o(i.DMA1_Channel4_IRQHandler)
    DMA1_Channel5_IRQHandler                 0x08000d79   Thumb Code     6  stm32f1xx_it.o(i.DMA1_Channel5_IRQHandler)
    DMA1_Channel7_IRQHandler                 0x08000d85   Thumb Code     6  stm32f1xx_it.o(i.DMA1_Channel7_IRQHandler)
    DMP_Read_Len                             0x08000dbd   Thumb Code    38  mpu6050.o(i.DMP_Read_Len)
    DMP_Write_Len                            0x08000de9   Thumb Code    38  mpu6050.o(i.DMP_Write_Len)
    DebugMon_Handler                         0x08000e15   Thumb Code     2  stm32f1xx_it.o(i.DebugMon_Handler)
    ESP8266_Clear                            0x08000e19   Thumb Code    18  esp8266.o(i.ESP8266_Clear)
    ESP8266_GetIPD                           0x08000e35   Thumb Code    50  esp8266.o(i.ESP8266_GetIPD)
    ESP8266_Init                             0x08000e75   Thumb Code   234  esp8266.o(i.ESP8266_Init)
    ESP8266_SendCmd                          0x080010d9   Thumb Code    64  esp8266.o(i.ESP8266_SendCmd)
    ESP8266_SendData                         0x08001121   Thumb Code    48  esp8266.o(i.ESP8266_SendData)
    ESP8266_WaitRecive                       0x08001169   Thumb Code    28  esp8266.o(i.ESP8266_WaitRecive)
    Error_Handler                            0x08001189   Thumb Code     4  main.o(i.Error_Handler)
    HAL_DMA_Abort                            0x0800118d   Thumb Code    70  stm32f1xx_hal_dma.o(i.HAL_DMA_Abort)
    HAL_DMA_Abort_IT                         0x080011d5   Thumb Code   148  stm32f1xx_hal_dma.o(i.HAL_DMA_Abort_IT)
    HAL_DMA_IRQHandler                       0x0800126d   Thumb Code   316  stm32f1xx_hal_dma.o(i.HAL_DMA_IRQHandler)
    HAL_DMA_Init                             0x080013c1   Thumb Code    84  stm32f1xx_hal_dma.o(i.HAL_DMA_Init)
    HAL_DMA_Start_IT                         0x0800141d   Thumb Code   112  stm32f1xx_hal_dma.o(i.HAL_DMA_Start_IT)
    HAL_Delay                                0x0800148d   Thumb Code    32  stm32f1xx_hal.o(i.HAL_Delay)
    HAL_GPIO_Init                            0x080014b1   Thumb Code   446  stm32f1xx_hal_gpio.o(i.HAL_GPIO_Init)
    HAL_GPIO_WritePin                        0x08001691   Thumb Code    10  stm32f1xx_hal_gpio.o(i.HAL_GPIO_WritePin)
    HAL_GetTick                              0x0800169d   Thumb Code     6  stm32f1xx_hal.o(i.HAL_GetTick)
    HAL_I2C_Init                             0x080016a9   Thumb Code   376  stm32f1xx_hal_i2c.o(i.HAL_I2C_Init)
    HAL_I2C_Master_Transmit                  0x08001831   Thumb Code   290  stm32f1xx_hal_i2c.o(i.HAL_I2C_Master_Transmit)
    HAL_I2C_Mem_Read                         0x0800195d   Thumb Code   574  stm32f1xx_hal_i2c.o(i.HAL_I2C_Mem_Read)
    HAL_I2C_Mem_Write                        0x08001bad   Thumb Code   294  stm32f1xx_hal_i2c.o(i.HAL_I2C_Mem_Write)
    HAL_I2C_MspInit                          0x08001cdd   Thumb Code    80  i2c.o(i.HAL_I2C_MspInit)
    HAL_IncTick                              0x08001d39   Thumb Code    12  stm32f1xx_hal.o(i.HAL_IncTick)
    HAL_Init                                 0x08001d49   Thumb Code    32  stm32f1xx_hal.o(i.HAL_Init)
    HAL_InitTick                             0x08001d6d   Thumb Code    54  stm32f1xx_hal.o(i.HAL_InitTick)
    HAL_MspInit                              0x08001dad   Thumb Code    52  stm32f1xx_hal_msp.o(i.HAL_MspInit)
    HAL_NVIC_EnableIRQ                       0x08001de9   Thumb Code    26  stm32f1xx_hal_cortex.o(i.HAL_NVIC_EnableIRQ)
    HAL_NVIC_SetPriority                     0x08001e05   Thumb Code    60  stm32f1xx_hal_cortex.o(i.HAL_NVIC_SetPriority)
    HAL_NVIC_SetPriorityGrouping             0x08001e45   Thumb Code    26  stm32f1xx_hal_cortex.o(i.HAL_NVIC_SetPriorityGrouping)
    HAL_RCC_ClockConfig                      0x08001e69   Thumb Code   280  stm32f1xx_hal_rcc.o(i.HAL_RCC_ClockConfig)
    HAL_RCC_GetPCLK1Freq                     0x08001f95   Thumb Code    20  stm32f1xx_hal_rcc.o(i.HAL_RCC_GetPCLK1Freq)
    HAL_RCC_GetPCLK2Freq                     0x08001fb5   Thumb Code    20  stm32f1xx_hal_rcc.o(i.HAL_RCC_GetPCLK2Freq)
    HAL_RCC_GetSysClockFreq                  0x08001fd5   Thumb Code    58  stm32f1xx_hal_rcc.o(i.HAL_RCC_GetSysClockFreq)
    HAL_RCC_OscConfig                        0x08002021   Thumb Code   778  stm32f1xx_hal_rcc.o(i.HAL_RCC_OscConfig)
    HAL_SYSTICK_Config                       0x08002341   Thumb Code    40  stm32f1xx_hal_cortex.o(i.HAL_SYSTICK_Config)
    HAL_UARTEx_RxEventCallback               0x08002369   Thumb Code     2  stm32f1xx_hal_uart.o(i.HAL_UARTEx_RxEventCallback)
    HAL_UART_ErrorCallback                   0x0800236b   Thumb Code     2  stm32f1xx_hal_uart.o(i.HAL_UART_ErrorCallback)
    HAL_UART_GetState                        0x0800236d   Thumb Code    10  stm32f1xx_hal_uart.o(i.HAL_UART_GetState)
    HAL_UART_IRQHandler                      0x08002379   Thumb Code   616  stm32f1xx_hal_uart.o(i.HAL_UART_IRQHandler)
    HAL_UART_Init                            0x080025e5   Thumb Code   100  stm32f1xx_hal_uart.o(i.HAL_UART_Init)
    HAL_UART_MspInit                         0x08002649   Thumb Code   338  usart.o(i.HAL_UART_MspInit)
    HAL_UART_Receive_IT                      0x080027b5   Thumb Code    28  stm32f1xx_hal_uart.o(i.HAL_UART_Receive_IT)
    HAL_UART_RxCpltCallback                  0x080027d1   Thumb Code    44  uart.o(i.HAL_UART_RxCpltCallback)
    HAL_UART_Transmit                        0x0800280d   Thumb Code   154  stm32f1xx_hal_uart.o(i.HAL_UART_Transmit)
    HAL_UART_Transmit_DMA                    0x080028a9   Thumb Code   106  stm32f1xx_hal_uart.o(i.HAL_UART_Transmit_DMA)
    HAL_UART_TxCpltCallback                  0x08002921   Thumb Code     2  stm32f1xx_hal_uart.o(i.HAL_UART_TxCpltCallback)
    HAL_UART_TxHalfCpltCallback              0x08002923   Thumb Code     2  stm32f1xx_hal_uart.o(i.HAL_UART_TxHalfCpltCallback)
    HardFault_Handler                        0x08002925   Thumb Code     2  stm32f1xx_it.o(i.HardFault_Handler)
    MPU_Init                                 0x08002dff   Thumb Code   114  mpu6050.o(i.MPU_Init)
    MPU_Read_Byte                            0x08002e71   Thumb Code    52  mpu6050.o(i.MPU_Read_Byte)
    MPU_Set_Accel_Fsr                        0x08002ea9   Thumb Code    10  mpu6050.o(i.MPU_Set_Accel_Fsr)
    MPU_Set_Gyro_Fsr                         0x08002eb3   Thumb Code    10  mpu6050.o(i.MPU_Set_Gyro_Fsr)
    MPU_Set_LPF                              0x08002ebd   Thumb Code    48  mpu6050.o(i.MPU_Set_LPF)
    MPU_Set_Rate                             0x08002eed   Thumb Code    46  mpu6050.o(i.MPU_Set_Rate)
    MPU_Write_Byte                           0x08002f1d   Thumb Code    46  mpu6050.o(i.MPU_Write_Byte)
    MQTT_DeleteBuffer                        0x08002f51   Thumb Code    28  mqttkit.o(i.MQTT_DeleteBuffer)
    MQTT_DumpLength                          0x08002f6d   Thumb Code    38  mqttkit.o(i.MQTT_DumpLength)
    MQTT_NewBuffer                           0x08002f93   Thumb Code    82  mqttkit.o(i.MQTT_NewBuffer)
    MQTT_PacketConnect                       0x08002fe5   Thumb Code   606  mqttkit.o(i.MQTT_PacketConnect)
    MQTT_PacketPublish                       0x08003249   Thumb Code   346  mqttkit.o(i.MQTT_PacketPublish)
    MQTT_PacketSaveData                      0x080033a5   Thumb Code    56  mqttkit.o(i.MQTT_PacketSaveData)
    MQTT_ReadLength                          0x080033fd   Thumb Code    62  mqttkit.o(i.MQTT_ReadLength)
    MQTT_UnPacketConnectAck                  0x0800343b   Thumb Code    26  mqttkit.o(i.MQTT_UnPacketConnectAck)
    MQTT_UnPacketRecv                        0x08003455   Thumb Code    86  mqttkit.o(i.MQTT_UnPacketRecv)
    MX_DMA_Init                              0x080034b5   Thumb Code    72  dma.o(i.MX_DMA_Init)
    MX_GPIO_Init                             0x08003501   Thumb Code   120  gpio.o(i.MX_GPIO_Init)
    MX_I2C1_Init                             0x08003581   Thumb Code    50  i2c.o(i.MX_I2C1_Init)
    MX_USART1_UART_Init                      0x080035c1   Thumb Code    48  usart.o(i.MX_USART1_UART_Init)
    MX_USART2_UART_Init                      0x080035f9   Thumb Code    48  usart.o(i.MX_USART2_UART_Init)
    MemManage_Handler                        0x08003631   Thumb Code     2  stm32f1xx_it.o(i.MemManage_Handler)
    NMI_Handler                              0x08003633   Thumb Code     2  stm32f1xx_it.o(i.NMI_Handler)
    OLED_Clear                               0x08003635   Thumb Code    38  oled.o(i.OLED_Clear)
    OLED_I2C_Init                            0x0800365d   Thumb Code    28  oled.o(i.OLED_I2C_Init)
    OLED_I2C_SendByte                        0x0800367d   Thumb Code    86  oled.o(i.OLED_I2C_SendByte)
    OLED_I2C_Start                           0x080036d9   Thumb Code    52  oled.o(i.OLED_I2C_Start)
    OLED_I2C_Stop                            0x08003711   Thumb Code    42  oled.o(i.OLED_I2C_Stop)
    OLED_Init                                0x08003741   Thumb Code   172  oled.o(i.OLED_Init)
    OLED_Pow                                 0x080037ed   Thumb Code    14  oled.o(i.OLED_Pow)
    OLED_SetCursor                           0x080037fb   Thumb Code    34  oled.o(i.OLED_SetCursor)
    OLED_ShowChar                            0x0800381d   Thumb Code    98  oled.o(i.OLED_ShowChar)
    OLED_ShowNum                             0x08003885   Thumb Code    66  oled.o(i.OLED_ShowNum)
    OLED_ShowString                          0x080038c7   Thumb Code    38  oled.o(i.OLED_ShowString)
    OLED_WriteCommand                        0x080038ed   Thumb Code    34  oled.o(i.OLED_WriteCommand)
    OLED_WriteData                           0x0800390f   Thumb Code    34  oled.o(i.OLED_WriteData)
    OneNet_DevLink                           0x08003b99   Thumb Code   188  onenet.o(i.OneNet_DevLink)
    OneNet_FillBuf                           0x08003dd9   Thumb Code   264  onenet.o(i.OneNet_FillBuf)
    OneNet_SendData                          0x08004015   Thumb Code   116  onenet.o(i.OneNet_SendData)
    PendSV_Handler                           0x080040c9   Thumb Code     2  stm32f1xx_it.o(i.PendSV_Handler)
    SVC_Handler                              0x080040cb   Thumb Code     2  stm32f1xx_it.o(i.SVC_Handler)
    SysTick_Handler                          0x080040cd   Thumb Code     4  stm32f1xx_it.o(i.SysTick_Handler)
    SystemClock_Config                       0x080040d1   Thumb Code    94  main.o(i.SystemClock_Config)
    SystemInit                               0x0800412f   Thumb Code     2  system_stm32f1xx.o(i.SystemInit)
    UART_Start_Receive_IT                    0x080043bd   Thumb Code    54  stm32f1xx_hal_uart.o(i.UART_Start_Receive_IT)
    USART1_IRQHandler                        0x0800446d   Thumb Code     6  stm32f1xx_it.o(i.USART1_IRQHandler)
    USART2_IRQHandler                        0x08004479   Thumb Code     6  stm32f1xx_it.o(i.USART2_IRQHandler)
    UsageFault_Handler                       0x08004485   Thumb Code     2  stm32f1xx_it.o(i.UsageFault_Handler)
    Usart_SendString                         0x08004487   Thumb Code    24  esp8266.o(i.Usart_SendString)
    __0printf                                0x080044a1   Thumb Code    22  printfa.o(i.__0printf)
    __1printf                                0x080044a1   Thumb Code     0  printfa.o(i.__0printf)
    __2printf                                0x080044a1   Thumb Code     0  printfa.o(i.__0printf)
    __c89printf                              0x080044a1   Thumb Code     0  printfa.o(i.__0printf)
    printf                                   0x080044a1   Thumb Code     0  printfa.o(i.__0printf)
    __0snprintf                              0x080044c1   Thumb Code    44  printfa.o(i.__0snprintf)
    __1snprintf                              0x080044c1   Thumb Code     0  printfa.o(i.__0snprintf)
    __2snprintf                              0x080044c1   Thumb Code     0  printfa.o(i.__0snprintf)
    __c89snprintf                            0x080044c1   Thumb Code     0  printfa.o(i.__0snprintf)
    snprintf                                 0x080044c1   Thumb Code     0  printfa.o(i.__0snprintf)
    __0sprintf                               0x080044f1   Thumb Code    34  printfa.o(i.__0sprintf)
    __1sprintf                               0x080044f1   Thumb Code     0  printfa.o(i.__0sprintf)
    __2sprintf                               0x080044f1   Thumb Code     0  printfa.o(i.__0sprintf)
    __c89sprintf                             0x080044f1   Thumb Code     0  printfa.o(i.__0sprintf)
    sprintf                                  0x080044f1   Thumb Code     0  printfa.o(i.__0sprintf)
    __ARM_fpclassify                         0x08004519   Thumb Code    40  fpclassify.o(i.__ARM_fpclassify)
    __kernel_poly                            0x08004561   Thumb Code   170  poly.o(i.__kernel_poly)
    __mathlib_dbl_infnan                     0x0800460b   Thumb Code     6  dunder.o(i.__mathlib_dbl_infnan)
    __mathlib_dbl_infnan2                    0x08004611   Thumb Code     4  dunder.o(i.__mathlib_dbl_infnan2)
    __mathlib_dbl_invalid                    0x08004615   Thumb Code    12  dunder.o(i.__mathlib_dbl_invalid)
    __mathlib_dbl_underflow                  0x08004621   Thumb Code    10  dunder.o(i.__mathlib_dbl_underflow)
    __scatterload_copy                       0x08004631   Thumb Code    14  handlers.o(i.__scatterload_copy)
    __scatterload_null                       0x0800463f   Thumb Code     2  handlers.o(i.__scatterload_null)
    __scatterload_zeroinit                   0x08004641   Thumb Code    14  handlers.o(i.__scatterload_zeroinit)
    __set_errno                              0x08004651   Thumb Code     6  errno.o(i.__set_errno)
    asin                                     0x08004f31   Thumb Code   572  asin.o(i.asin)
    atan                                     0x080051a1   Thumb Code   474  atan.o(i.atan)
    atan2                                    0x080053c1   Thumb Code   346  atan2.o(i.atan2)
    dmp_enable_6x_lp_quat                    0x08005541   Thumb Code    58  inv_mpu_dmp_motion_driver.o(i.dmp_enable_6x_lp_quat)
    dmp_enable_feature                       0x0800557d   Thumb Code   464  inv_mpu_dmp_motion_driver.o(i.dmp_enable_feature)
    dmp_enable_gyro_cal                      0x08005755   Thumb Code    34  inv_mpu_dmp_motion_driver.o(i.dmp_enable_gyro_cal)
    dmp_enable_lp_quat                       0x08005791   Thumb Code    58  inv_mpu_dmp_motion_driver.o(i.dmp_enable_lp_quat)
    dmp_load_motion_driver_firmware          0x080057cd   Thumb Code    16  inv_mpu_dmp_motion_driver.o(i.dmp_load_motion_driver_firmware)
    dmp_read_fifo                            0x080057e1   Thumb Code   320  inv_mpu_dmp_motion_driver.o(i.dmp_read_fifo)
    dmp_set_fifo_rate                        0x08005925   Thumb Code    82  inv_mpu_dmp_motion_driver.o(i.dmp_set_fifo_rate)
    dmp_set_orientation                      0x08005989   Thumb Code   246  inv_mpu_dmp_motion_driver.o(i.dmp_set_orientation)
    dmp_set_shake_reject_thresh              0x08005a95   Thumb Code    48  inv_mpu_dmp_motion_driver.o(i.dmp_set_shake_reject_thresh)
    dmp_set_shake_reject_time                0x08005ac5   Thumb Code    32  inv_mpu_dmp_motion_driver.o(i.dmp_set_shake_reject_time)
    dmp_set_shake_reject_timeout             0x08005ae5   Thumb Code    32  inv_mpu_dmp_motion_driver.o(i.dmp_set_shake_reject_timeout)
    dmp_set_tap_axes                         0x08005b05   Thumb Code    64  inv_mpu_dmp_motion_driver.o(i.dmp_set_tap_axes)
    dmp_set_tap_count                        0x08005b45   Thumb Code    34  inv_mpu_dmp_motion_driver.o(i.dmp_set_tap_count)
    dmp_set_tap_thresh                       0x08005b69   Thumb Code   274  inv_mpu_dmp_motion_driver.o(i.dmp_set_tap_thresh)
    dmp_set_tap_time                         0x08005c91   Thumb Code    32  inv_mpu_dmp_motion_driver.o(i.dmp_set_tap_time)
    dmp_set_tap_time_multi                   0x08005cb1   Thumb Code    32  inv_mpu_dmp_motion_driver.o(i.dmp_set_tap_time_multi)
    fputc                                    0x08005cd1   Thumb Code    20  usart.o(i.fputc)
    free                                     0x08005ce9   Thumb Code    76  malloc.o(i.free)
    ft                                       0x08005d39   Thumb Code    56  hmac_sha1.o(i.ft)
    hmac_sha1                                0x08005d71   Thumb Code   240  hmac_sha1.o(i.hmac_sha1)
    inv_orientation_matrix_to_scalar         0x08005e61   Thumb Code    34  inv_mpu.o(i.inv_orientation_matrix_to_scalar)
    inv_row_2_scale                          0x08005e83   Thumb Code    72  inv_mpu.o(i.inv_row_2_scale)
    k                                        0x08005ecd   Thumb Code    34  hmac_sha1.o(i.k)
    main                                     0x08005f01   Thumb Code   294  main.o(i.main)
    malloc                                   0x08006089   Thumb Code    92  malloc.o(i.malloc)
    mget_ms                                  0x080060f5   Thumb Code     2  inv_mpu.o(i.mget_ms)
    mpu_configure_fifo                       0x080060f9   Thumb Code    78  inv_mpu.o(i.mpu_configure_fifo)
    mpu_dmp_get_data                         0x0800614d   Thumb Code   408  inv_mpu.o(i.mpu_dmp_get_data)
    mpu_dmp_init                             0x080062e9   Thumb Code   144  inv_mpu.o(i.mpu_dmp_init)
    mpu_get_accel_fsr                        0x0800637d   Thumb Code    54  inv_mpu.o(i.mpu_get_accel_fsr)
    mpu_init                                 0x080063b9   Thumb Code   310  inv_mpu.o(i.mpu_init)
    mpu_load_firmware                        0x08006541   Thumb Code   154  inv_mpu.o(i.mpu_load_firmware)
    mpu_lp_accel_mode                        0x080065e1   Thumb Code   178  inv_mpu.o(i.mpu_lp_accel_mode)
    mpu_read_fifo_stream                     0x08006699   Thumb Code   140  inv_mpu.o(i.mpu_read_fifo_stream)
    mpu_read_mem                             0x08006729   Thumb Code    80  inv_mpu.o(i.mpu_read_mem)
    mpu_reset_fifo                           0x0800677d   Thumb Code   346  inv_mpu.o(i.mpu_reset_fifo)
    mpu_set_accel_fsr                        0x080068dd   Thumb Code    98  inv_mpu.o(i.mpu_set_accel_fsr)
    mpu_set_bypass                           0x08006945   Thumb Code   214  inv_mpu.o(i.mpu_set_bypass)
    mpu_set_dmp_state                        0x08006a21   Thumb Code   114  inv_mpu.o(i.mpu_set_dmp_state)
    mpu_set_gyro_fsr                         0x08006a99   Thumb Code   104  inv_mpu.o(i.mpu_set_gyro_fsr)
    mpu_set_int_latched                      0x08006b05   Thumb Code    94  inv_mpu.o(i.mpu_set_int_latched)
    mpu_set_lpf                              0x08006b69   Thumb Code   102  inv_mpu.o(i.mpu_set_lpf)
    mpu_set_sample_rate                      0x08006bd5   Thumb Code   124  inv_mpu.o(i.mpu_set_sample_rate)
    mpu_set_sensors                          0x08006c55   Thumb Code   178  inv_mpu.o(i.mpu_set_sensors)
    mpu_write_mem                            0x08006d0d   Thumb Code    80  inv_mpu.o(i.mpu_write_mem)
    rotl                                     0x08006d61   Thumb Code    28  hmac_sha1.o(i.rotl)
    selectPort                               0x08006d7d   Thumb Code    34  pca9548.o(i.selectPort)
    sentData_Uart                            0x08006da5   Thumb Code   226  main.o(i.sentData_Uart)
    sha1                                     0x08006f05   Thumb Code   472  hmac_sha1.o(i.sha1)
    sqrt                                     0x080070e9   Thumb Code    76  sqrt.o(i.sqrt)
    AHBPrescTable                            0x08007146   Data          16  system_stm32f1xx.o(.constdata)
    APBPrescTable                            0x08007156   Data           8  system_stm32f1xx.o(.constdata)
    reg                                      0x0800715e   Data          27  inv_mpu.o(.constdata)
    hw                                       0x0800717a   Data          12  inv_mpu.o(.constdata)
    test                                     0x08007188   Data          40  inv_mpu.o(.constdata)
    OLED_F8x16                               0x08007e66   Data        1520  oled.o(.constdata)
    __mathlib_zero                           0x08008540   Data           8  qnan.o(.constdata)
    Region$$Table$$Base                      0x080085e0   Number         0  anon$$obj.o(Region$$Table)
    Region$$Table$$Limit                     0x08008600   Number         0  anon$$obj.o(Region$$Table)
    dataget                                  0x20000000   Data           1  main.o(.data)
    body                                     0x20000004   Data           4  main.o(.data)
    body_y                                   0x20000008   Data           4  main.o(.data)
    body_z                                   0x2000000c   Data           4  main.o(.data)
    leftback0                                0x20000010   Data           4  main.o(.data)
    leftback0_z                              0x20000014   Data           4  main.o(.data)
    leftforward0                             0x20000018   Data           4  main.o(.data)
    leftforward0_z                           0x2000001c   Data           4  main.o(.data)
    rightback0                               0x20000020   Data           4  main.o(.data)
    rightback0_z                             0x20000024   Data           4  main.o(.data)
    rightforward0                            0x20000028   Data           4  main.o(.data)
    rightforward0_z                          0x2000002c   Data           4  main.o(.data)
    pitch                                    0x20000030   Data           4  main.o(.data)
    roll                                     0x20000034   Data           4  main.o(.data)
    yaw                                      0x20000038   Data           4  main.o(.data)
    uwTickFreq                               0x2000003c   Data           1  stm32f1xx_hal.o(.data)
    uwTickPrio                               0x20000040   Data           4  stm32f1xx_hal.o(.data)
    uwTick                                   0x20000044   Data           4  stm32f1xx_hal.o(.data)
    SystemCoreClock                          0x20000048   Data           4  system_stm32f1xx.o(.data)
    esp8266_cnt                              0x20000082   Data           2  esp8266.o(.data)
    esp8266_cntPre                           0x20000084   Data           2  esp8266.o(.data)
    Uart1_RxData                             0x20000086   Data           1  uart.o(.data)
    __stdout                                 0x20000088   Data           4  stdout.o(.data)
    __microlib_freelist                      0x2000008c   Data           4  mvars.o(.data)
    __microlib_freelist_initialised          0x20000090   Data           4  mvars.o(.data)
    txBuf                                    0x20000098   Data          50  main.o(.bss)
    hi2c1                                    0x200000cc   Data          84  i2c.o(.bss)
    huart1                                   0x20000120   Data          72  usart.o(.bss)
    huart2                                   0x20000168   Data          72  usart.o(.bss)
    hdma_usart1_tx                           0x200001b0   Data          68  usart.o(.bss)
    hdma_usart1_rx                           0x200001f4   Data          68  usart.o(.bss)
    hdma_usart2_tx                           0x20000238   Data          68  usart.o(.bss)
    esp8266_buf                              0x2000028c   Data         128  esp8266.o(.bss)
    __heap_base                              0x20000310   Data           0  startup_stm32f103xb.o(HEAP)
    __heap_limit                             0x20000510   Data           0  startup_stm32f103xb.o(HEAP)
    __initial_sp                             0x20000d10   Data           0  startup_stm32f103xb.o(STACK)



==============================================================================

Memory Map of the image

  Image Entry point : 0x080000ed

  Load Region LR_IROM1 (Base: 0x08000000, Size: 0x00008698, Max: 0x00010000, ABSOLUTE)

    Execution Region ER_IROM1 (Exec base: 0x08000000, Load base: 0x08000000, Size: 0x00008600, Max: 0x00010000, ABSOLUTE)

    Exec Addr    Load Addr    Size         Type   Attr      Idx    E Section Name        Object

    0x08000000   0x08000000   0x000000ec   Data   RO            3    RESET               startup_stm32f103xb.o
    0x080000ec   0x080000ec   0x00000000   Code   RO         4000  * .ARM.Collect$$$$00000000  mc_w.l(entry.o)
    0x080000ec   0x080000ec   0x00000004   Code   RO         4397    .ARM.Collect$$$$00000001  mc_w.l(entry2.o)
    0x080000f0   0x080000f0   0x00000004   Code   RO         4400    .ARM.Collect$$$$00000004  mc_w.l(entry5.o)
    0x080000f4   0x080000f4   0x00000000   Code   RO         4402    .ARM.Collect$$$$00000008  mc_w.l(entry7b.o)
    0x080000f4   0x080000f4   0x00000000   Code   RO         4404    .ARM.Collect$$$$0000000A  mc_w.l(entry8b.o)
    0x080000f4   0x080000f4   0x00000008   Code   RO         4405    .ARM.Collect$$$$0000000B  mc_w.l(entry9a.o)
    0x080000fc   0x080000fc   0x00000000   Code   RO         4407    .ARM.Collect$$$$0000000D  mc_w.l(entry10a.o)
    0x080000fc   0x080000fc   0x00000000   Code   RO         4409    .ARM.Collect$$$$0000000F  mc_w.l(entry11a.o)
    0x080000fc   0x080000fc   0x00000004   Code   RO         4398    .ARM.Collect$$$$00002712  mc_w.l(entry2.o)
    0x08000100   0x08000100   0x00000024   Code   RO            4    .text               startup_stm32f103xb.o
    0x08000124   0x08000124   0x00000020   Code   RO         4005    .text               mc_w.l(llushr.o)
    0x08000144   0x08000144   0x00000024   Code   RO         4009    .text               mc_w.l(memcpya.o)
    0x08000168   0x08000168   0x00000024   Code   RO         4011    .text               mc_w.l(memseta.o)
    0x0800018c   0x0800018c   0x00000018   Code   RO         4013    .text               mc_w.l(strcat.o)
    0x080001a4   0x080001a4   0x00000024   Code   RO         4015    .text               mc_w.l(strstr.o)
    0x080001c8   0x080001c8   0x00000014   Code   RO         4017    .text               mc_w.l(strchr.o)
    0x080001dc   0x080001dc   0x0000000e   Code   RO         4019    .text               mc_w.l(strlen.o)
    0x080001ea   0x080001ea   0x0000001a   Code   RO         4021    .text               mc_w.l(memcmp.o)
    0x08000204   0x08000204   0x00000028   Code   RO         4023    .text               mc_w.l(strncat.o)
    0x0800022c   0x0800022c   0x00000012   Code   RO         4025    .text               mc_w.l(strcpy.o)
    0x0800023e   0x0800023e   0x000000b0   Code   RO         4326    .text               mf_w.l(fadd.o)
    0x080002ee   0x080002ee   0x00000064   Code   RO         4328    .text               mf_w.l(fmul.o)
    0x08000352   0x08000352   0x0000007c   Code   RO         4330    .text               mf_w.l(fdiv.o)
    0x080003ce   0x080003ce   0x00000018   Code   RO         4332    .text               mf_w.l(fscalb.o)
    0x080003e6   0x080003e6   0x0000014e   Code   RO         4334    .text               mf_w.l(dadd.o)
    0x08000534   0x08000534   0x000000e4   Code   RO         4336    .text               mf_w.l(dmul.o)
    0x08000618   0x08000618   0x000000de   Code   RO         4338    .text               mf_w.l(ddiv.o)
    0x080006f6   0x080006f6   0x00000012   Code   RO         4340    .text               mf_w.l(fflti.o)
    0x08000708   0x08000708   0x0000000a   Code   RO         4342    .text               mf_w.l(ffltui.o)
    0x08000712   0x08000712   0x00000032   Code   RO         4346    .text               mf_w.l(ffixi.o)
    0x08000744   0x08000744   0x00000028   Code   RO         4348    .text               mf_w.l(ffixui.o)
    0x0800076c   0x0800076c   0x00000026   Code   RO         4352    .text               mf_w.l(f2d.o)
    0x08000792   0x08000792   0x00000002   PAD
    0x08000794   0x08000794   0x00000030   Code   RO         4356    .text               mf_w.l(cdrcmple.o)
    0x080007c4   0x080007c4   0x00000038   Code   RO         4358    .text               mf_w.l(d2f.o)
    0x080007fc   0x080007fc   0x0000002c   Code   RO         4412    .text               mc_w.l(uidiv.o)
    0x08000828   0x08000828   0x00000062   Code   RO         4414    .text               mc_w.l(uldiv.o)
    0x0800088a   0x0800088a   0x0000001e   Code   RO         4416    .text               mc_w.l(llshl.o)
    0x080008a8   0x080008a8   0x00000024   Code   RO         4418    .text               mc_w.l(llsshr.o)
    0x080008cc   0x080008cc   0x00000000   Code   RO         4435    .text               mc_w.l(iusefp.o)
    0x080008cc   0x080008cc   0x0000006e   Code   RO         4436    .text               mf_w.l(fepilogue.o)
    0x0800093a   0x0800093a   0x000000ba   Code   RO         4438    .text               mf_w.l(depilogue.o)
    0x080009f4   0x080009f4   0x0000002e   Code   RO         4440    .text               mf_w.l(dscalb.o)
    0x08000a22   0x08000a22   0x00000030   Code   RO         4442    .text               mf_w.l(dfixul.o)
    0x08000a52   0x08000a52   0x00000002   PAD
    0x08000a54   0x08000a54   0x00000024   Code   RO         4444    .text               mc_w.l(init.o)
    0x08000a78   0x08000a78   0x000000a2   Code   RO         4450    .text               mf_w.l(dsqrt.o)
    0x08000b1a   0x08000b1a   0x00000002   PAD
    0x08000b1c   0x08000b1c   0x00000138   Code   RO         3202    i.BASE64_Decode     base64.o
    0x08000c54   0x08000c54   0x00000114   Code   RO         3203    i.BASE64_Encode     base64.o
    0x08000d68   0x08000d68   0x00000002   Code   RO          341    i.BusFault_Handler  stm32f1xx_it.o
    0x08000d6a   0x08000d6a   0x00000002   PAD
    0x08000d6c   0x08000d6c   0x0000000c   Code   RO          342    i.DMA1_Channel4_IRQHandler  stm32f1xx_it.o
    0x08000d78   0x08000d78   0x0000000c   Code   RO          343    i.DMA1_Channel5_IRQHandler  stm32f1xx_it.o
    0x08000d84   0x08000d84   0x0000000c   Code   RO          344    i.DMA1_Channel7_IRQHandler  stm32f1xx_it.o
    0x08000d90   0x08000d90   0x0000002a   Code   RO         1324    i.DMA_SetConfig     stm32f1xx_hal_dma.o
    0x08000dba   0x08000dba   0x00000002   PAD
    0x08000dbc   0x08000dbc   0x0000002c   Code   RO         2358    i.DMP_Read_Len      mpu6050.o
    0x08000de8   0x08000de8   0x0000002c   Code   RO         2359    i.DMP_Write_Len     mpu6050.o
    0x08000e14   0x08000e14   0x00000002   Code   RO          345    i.DebugMon_Handler  stm32f1xx_it.o
    0x08000e16   0x08000e16   0x00000002   PAD
    0x08000e18   0x08000e18   0x0000001c   Code   RO         3032    i.ESP8266_Clear     esp8266.o
    0x08000e34   0x08000e34   0x00000040   Code   RO         3033    i.ESP8266_GetIPD    esp8266.o
    0x08000e74   0x08000e74   0x00000264   Code   RO         3034    i.ESP8266_Init      esp8266.o
    0x080010d8   0x080010d8   0x00000048   Code   RO         3035    i.ESP8266_SendCmd   esp8266.o
    0x08001120   0x08001120   0x00000048   Code   RO         3036    i.ESP8266_SendData  esp8266.o
    0x08001168   0x08001168   0x00000020   Code   RO         3037    i.ESP8266_WaitRecive  esp8266.o
    0x08001188   0x08001188   0x00000004   Code   RO           13    i.Error_Handler     main.o
    0x0800118c   0x0800118c   0x00000046   Code   RO         1325    i.HAL_DMA_Abort     stm32f1xx_hal_dma.o
    0x080011d2   0x080011d2   0x00000002   PAD
    0x080011d4   0x080011d4   0x00000098   Code   RO         1326    i.HAL_DMA_Abort_IT  stm32f1xx_hal_dma.o
    0x0800126c   0x0800126c   0x00000154   Code   RO         1330    i.HAL_DMA_IRQHandler  stm32f1xx_hal_dma.o
    0x080013c0   0x080013c0   0x0000005c   Code   RO         1331    i.HAL_DMA_Init      stm32f1xx_hal_dma.o
    0x0800141c   0x0800141c   0x00000070   Code   RO         1335    i.HAL_DMA_Start_IT  stm32f1xx_hal_dma.o
    0x0800148c   0x0800148c   0x00000024   Code   RO          951    i.HAL_Delay         stm32f1xx_hal.o
    0x080014b0   0x080014b0   0x000001e0   Code   RO         1261    i.HAL_GPIO_Init     stm32f1xx_hal_gpio.o
    0x08001690   0x08001690   0x0000000a   Code   RO         1265    i.HAL_GPIO_WritePin  stm32f1xx_hal_gpio.o
    0x0800169a   0x0800169a   0x00000002   PAD
    0x0800169c   0x0800169c   0x0000000c   Code   RO          955    i.HAL_GetTick       stm32f1xx_hal.o
    0x080016a8   0x080016a8   0x00000188   Code   RO          518    i.HAL_I2C_Init      stm32f1xx_hal_i2c.o
    0x08001830   0x08001830   0x0000012c   Code   RO          531    i.HAL_I2C_Master_Transmit  stm32f1xx_hal_i2c.o
    0x0800195c   0x0800195c   0x00000250   Code   RO          536    i.HAL_I2C_Mem_Read  stm32f1xx_hal_i2c.o
    0x08001bac   0x08001bac   0x00000130   Code   RO          539    i.HAL_I2C_Mem_Write  stm32f1xx_hal_i2c.o
    0x08001cdc   0x08001cdc   0x0000005c   Code   RO          240    i.HAL_I2C_MspInit   i2c.o
    0x08001d38   0x08001d38   0x00000010   Code   RO          961    i.HAL_IncTick       stm32f1xx_hal.o
    0x08001d48   0x08001d48   0x00000024   Code   RO          962    i.HAL_Init          stm32f1xx_hal.o
    0x08001d6c   0x08001d6c   0x00000040   Code   RO          963    i.HAL_InitTick      stm32f1xx_hal.o
    0x08001dac   0x08001dac   0x0000003c   Code   RO          447    i.HAL_MspInit       stm32f1xx_hal_msp.o
    0x08001de8   0x08001de8   0x0000001a   Code   RO         1421    i.HAL_NVIC_EnableIRQ  stm32f1xx_hal_cortex.o
    0x08001e02   0x08001e02   0x00000002   PAD
    0x08001e04   0x08001e04   0x00000040   Code   RO         1427    i.HAL_NVIC_SetPriority  stm32f1xx_hal_cortex.o
    0x08001e44   0x08001e44   0x00000024   Code   RO         1428    i.HAL_NVIC_SetPriorityGrouping  stm32f1xx_hal_cortex.o
    0x08001e68   0x08001e68   0x0000012c   Code   RO         1119    i.HAL_RCC_ClockConfig  stm32f1xx_hal_rcc.o
    0x08001f94   0x08001f94   0x00000020   Code   RO         1126    i.HAL_RCC_GetPCLK1Freq  stm32f1xx_hal_rcc.o
    0x08001fb4   0x08001fb4   0x00000020   Code   RO         1127    i.HAL_RCC_GetPCLK2Freq  stm32f1xx_hal_rcc.o
    0x08001fd4   0x08001fd4   0x0000004c   Code   RO         1128    i.HAL_RCC_GetSysClockFreq  stm32f1xx_hal_rcc.o
    0x08002020   0x08002020   0x00000320   Code   RO         1131    i.HAL_RCC_OscConfig  stm32f1xx_hal_rcc.o
    0x08002340   0x08002340   0x00000028   Code   RO         1432    i.HAL_SYSTICK_Config  stm32f1xx_hal_cortex.o
    0x08002368   0x08002368   0x00000002   Code   RO         1969    i.HAL_UARTEx_RxEventCallback  stm32f1xx_hal_uart.o
    0x0800236a   0x0800236a   0x00000002   Code   RO         1983    i.HAL_UART_ErrorCallback  stm32f1xx_hal_uart.o
    0x0800236c   0x0800236c   0x0000000a   Code   RO         1985    i.HAL_UART_GetState  stm32f1xx_hal_uart.o
    0x08002376   0x08002376   0x00000002   PAD
    0x08002378   0x08002378   0x0000026c   Code   RO         1986    i.HAL_UART_IRQHandler  stm32f1xx_hal_uart.o
    0x080025e4   0x080025e4   0x00000064   Code   RO         1987    i.HAL_UART_Init     stm32f1xx_hal_uart.o
    0x08002648   0x08002648   0x0000016c   Code   RO          282    i.HAL_UART_MspInit  usart.o
    0x080027b4   0x080027b4   0x0000001c   Code   RO         1992    i.HAL_UART_Receive_IT  stm32f1xx_hal_uart.o
    0x080027d0   0x080027d0   0x0000003c   Code   RO         3591    i.HAL_UART_RxCpltCallback  uart.o
    0x0800280c   0x0800280c   0x0000009a   Code   RO         1995    i.HAL_UART_Transmit  stm32f1xx_hal_uart.o
    0x080028a6   0x080028a6   0x00000002   PAD
    0x080028a8   0x080028a8   0x00000078   Code   RO         1996    i.HAL_UART_Transmit_DMA  stm32f1xx_hal_uart.o
    0x08002920   0x08002920   0x00000002   Code   RO         1998    i.HAL_UART_TxCpltCallback  stm32f1xx_hal_uart.o
    0x08002922   0x08002922   0x00000002   Code   RO         1999    i.HAL_UART_TxHalfCpltCallback  stm32f1xx_hal_uart.o
    0x08002924   0x08002924   0x00000002   Code   RO          346    i.HardFault_Handler  stm32f1xx_it.o
    0x08002926   0x08002926   0x0000002e   Code   RO          561    i.I2C_IsAcknowledgeFailed  stm32f1xx_hal_i2c.o
    0x08002954   0x08002954   0x0000009c   Code   RO          565    i.I2C_MasterRequestWrite  stm32f1xx_hal_i2c.o
    0x080029f0   0x080029f0   0x000000fc   Code   RO          571    i.I2C_RequestMemoryRead  stm32f1xx_hal_i2c.o
    0x08002aec   0x08002aec   0x000000a8   Code   RO          572    i.I2C_RequestMemoryWrite  stm32f1xx_hal_i2c.o
    0x08002b94   0x08002b94   0x00000056   Code   RO          576    i.I2C_WaitOnBTFFlagUntilTimeout  stm32f1xx_hal_i2c.o
    0x08002bea   0x08002bea   0x00000002   PAD
    0x08002bec   0x08002bec   0x00000090   Code   RO          577    i.I2C_WaitOnFlagUntilTimeout  stm32f1xx_hal_i2c.o
    0x08002c7c   0x08002c7c   0x000000bc   Code   RO          578    i.I2C_WaitOnMasterAddressFlagUntilTimeout  stm32f1xx_hal_i2c.o
    0x08002d38   0x08002d38   0x00000070   Code   RO          579    i.I2C_WaitOnRXNEFlagUntilTimeout  stm32f1xx_hal_i2c.o
    0x08002da8   0x08002da8   0x00000056   Code   RO          580    i.I2C_WaitOnTXEFlagUntilTimeout  stm32f1xx_hal_i2c.o
    0x08002dfe   0x08002dfe   0x00000072   Code   RO         2363    i.MPU_Init          mpu6050.o
    0x08002e70   0x08002e70   0x00000038   Code   RO         2364    i.MPU_Read_Byte     mpu6050.o
    0x08002ea8   0x08002ea8   0x0000000a   Code   RO         2366    i.MPU_Set_Accel_Fsr  mpu6050.o
    0x08002eb2   0x08002eb2   0x0000000a   Code   RO         2367    i.MPU_Set_Gyro_Fsr  mpu6050.o
    0x08002ebc   0x08002ebc   0x00000030   Code   RO         2368    i.MPU_Set_LPF       mpu6050.o
    0x08002eec   0x08002eec   0x0000002e   Code   RO         2369    i.MPU_Set_Rate      mpu6050.o
    0x08002f1a   0x08002f1a   0x00000002   PAD
    0x08002f1c   0x08002f1c   0x00000034   Code   RO         2370    i.MPU_Write_Byte    mpu6050.o
    0x08002f50   0x08002f50   0x0000001c   Code   RO         3291    i.MQTT_DeleteBuffer  mqttkit.o
    0x08002f6c   0x08002f6c   0x00000026   Code   RO         3292    i.MQTT_DumpLength   mqttkit.o
    0x08002f92   0x08002f92   0x00000052   Code   RO         3293    i.MQTT_NewBuffer    mqttkit.o
    0x08002fe4   0x08002fe4   0x00000264   Code   RO         3295    i.MQTT_PacketConnect  mqttkit.o
    0x08003248   0x08003248   0x0000015a   Code   RO         3298    i.MQTT_PacketPublish  mqttkit.o
    0x080033a2   0x080033a2   0x00000002   PAD
    0x080033a4   0x080033a4   0x00000058   Code   RO         3304    i.MQTT_PacketSaveData  mqttkit.o
    0x080033fc   0x080033fc   0x0000003e   Code   RO         3307    i.MQTT_ReadLength   mqttkit.o
    0x0800343a   0x0800343a   0x0000001a   Code   RO         3309    i.MQTT_UnPacketConnectAck  mqttkit.o
    0x08003454   0x08003454   0x00000060   Code   RO         3315    i.MQTT_UnPacketRecv  mqttkit.o
    0x080034b4   0x080034b4   0x0000004c   Code   RO          215    i.MX_DMA_Init       dma.o
    0x08003500   0x08003500   0x00000080   Code   RO          191    i.MX_GPIO_Init      gpio.o
    0x08003580   0x08003580   0x00000040   Code   RO          241    i.MX_I2C1_Init      i2c.o
    0x080035c0   0x080035c0   0x00000038   Code   RO          283    i.MX_USART1_UART_Init  usart.o
    0x080035f8   0x080035f8   0x00000038   Code   RO          284    i.MX_USART2_UART_Init  usart.o
    0x08003630   0x08003630   0x00000002   Code   RO          347    i.MemManage_Handler  stm32f1xx_it.o
    0x08003632   0x08003632   0x00000002   Code   RO          348    i.NMI_Handler       stm32f1xx_it.o
    0x08003634   0x08003634   0x00000026   Code   RO         3477    i.OLED_Clear        oled.o
    0x0800365a   0x0800365a   0x00000002   PAD
    0x0800365c   0x0800365c   0x00000020   Code   RO         3478    i.OLED_I2C_Init     oled.o
    0x0800367c   0x0800367c   0x0000005c   Code   RO         3479    i.OLED_I2C_SendByte  oled.o
    0x080036d8   0x080036d8   0x00000038   Code   RO         3480    i.OLED_I2C_Start    oled.o
    0x08003710   0x08003710   0x00000030   Code   RO         3481    i.OLED_I2C_Stop     oled.o
    0x08003740   0x08003740   0x000000ac   Code   RO         3482    i.OLED_Init         oled.o
    0x080037ec   0x080037ec   0x0000000e   Code   RO         3483    i.OLED_Pow          oled.o
    0x080037fa   0x080037fa   0x00000022   Code   RO         3484    i.OLED_SetCursor    oled.o
    0x0800381c   0x0800381c   0x00000068   Code   RO         3486    i.OLED_ShowChar     oled.o
    0x08003884   0x08003884   0x00000042   Code   RO         3488    i.OLED_ShowNum      oled.o
    0x080038c6   0x080038c6   0x00000026   Code   RO         3490    i.OLED_ShowString   oled.o
    0x080038ec   0x080038ec   0x00000022   Code   RO         3491    i.OLED_WriteCommand  oled.o
    0x0800390e   0x0800390e   0x00000022   Code   RO         3492    i.OLED_WriteData    oled.o
    0x08003930   0x08003930   0x000000d0   Code   RO         3098    i.OTA_UrlEncode     onenet.o
    0x08003a00   0x08003a00   0x00000198   Code   RO         3099    i.OneNET_Authorization  onenet.o
    0x08003b98   0x08003b98   0x00000240   Code   RO         3103    i.OneNet_DevLink    onenet.o
    0x08003dd8   0x08003dd8   0x0000023c   Code   RO         3104    i.OneNet_FillBuf    onenet.o
    0x08004014   0x08004014   0x000000b4   Code   RO         3106    i.OneNet_SendData   onenet.o
    0x080040c8   0x080040c8   0x00000002   Code   RO          349    i.PendSV_Handler    stm32f1xx_it.o
    0x080040ca   0x080040ca   0x00000002   Code   RO          350    i.SVC_Handler       stm32f1xx_it.o
    0x080040cc   0x080040cc   0x00000004   Code   RO          351    i.SysTick_Handler   stm32f1xx_it.o
    0x080040d0   0x080040d0   0x0000005e   Code   RO           14    i.SystemClock_Config  main.o
    0x0800412e   0x0800412e   0x00000002   Code   RO         2321    i.SystemInit        system_stm32f1xx.o
    0x08004130   0x08004130   0x00000010   Code   RO         2000    i.UART_DMAAbortOnError  stm32f1xx_hal_uart.o
    0x08004140   0x08004140   0x0000004a   Code   RO         2001    i.UART_DMAError     stm32f1xx_hal_uart.o
    0x0800418a   0x0800418a   0x00000042   Code   RO         2006    i.UART_DMATransmitCplt  stm32f1xx_hal_uart.o
    0x080041cc   0x080041cc   0x0000000a   Code   RO         2008    i.UART_DMATxHalfCplt  stm32f1xx_hal_uart.o
    0x080041d6   0x080041d6   0x0000004e   Code   RO         2010    i.UART_EndRxTransfer  stm32f1xx_hal_uart.o
    0x08004224   0x08004224   0x0000001c   Code   RO         2011    i.UART_EndTxTransfer  stm32f1xx_hal_uart.o
    0x08004240   0x08004240   0x000000c2   Code   RO         2012    i.UART_Receive_IT   stm32f1xx_hal_uart.o
    0x08004302   0x08004302   0x00000002   PAD
    0x08004304   0x08004304   0x000000b8   Code   RO         2013    i.UART_SetConfig    stm32f1xx_hal_uart.o
    0x080043bc   0x080043bc   0x00000036   Code   RO         2015    i.UART_Start_Receive_IT  stm32f1xx_hal_uart.o
    0x080043f2   0x080043f2   0x00000078   Code   RO         2016    i.UART_WaitOnFlagUntilTimeout  stm32f1xx_hal_uart.o
    0x0800446a   0x0800446a   0x00000002   PAD
    0x0800446c   0x0800446c   0x0000000c   Code   RO          352    i.USART1_IRQHandler  stm32f1xx_it.o
    0x08004478   0x08004478   0x0000000c   Code   RO          353    i.USART2_IRQHandler  stm32f1xx_it.o
    0x08004484   0x08004484   0x00000002   Code   RO          354    i.UsageFault_Handler  stm32f1xx_it.o
    0x08004486   0x08004486   0x00000018   Code   RO         3038    i.Usart_SendString  esp8266.o
    0x0800449e   0x0800449e   0x00000002   PAD
    0x080044a0   0x080044a0   0x00000020   Code   RO         4264    i.__0printf         mc_w.l(printfa.o)
    0x080044c0   0x080044c0   0x00000030   Code   RO         4265    i.__0snprintf       mc_w.l(printfa.o)
    0x080044f0   0x080044f0   0x00000028   Code   RO         4266    i.__0sprintf        mc_w.l(printfa.o)
    0x08004518   0x08004518   0x00000028   Code   RO         4384    i.__ARM_fpclassify  m_ws.l(fpclassify.o)
    0x08004540   0x08004540   0x00000020   Code   RO         1434    i.__NVIC_SetPriority  stm32f1xx_hal_cortex.o
    0x08004560   0x08004560   0x000000aa   Code   RO         4386    i.__kernel_poly     m_ws.l(poly.o)
    0x0800460a   0x0800460a   0x00000006   Code   RO         4371    i.__mathlib_dbl_infnan  m_ws.l(dunder.o)
    0x08004610   0x08004610   0x00000004   Code   RO         4372    i.__mathlib_dbl_infnan2  m_ws.l(dunder.o)
    0x08004614   0x08004614   0x0000000c   Code   RO         4373    i.__mathlib_dbl_invalid  m_ws.l(dunder.o)
    0x08004620   0x08004620   0x00000010   Code   RO         4376    i.__mathlib_dbl_underflow  m_ws.l(dunder.o)
    0x08004630   0x08004630   0x0000000e   Code   RO         4457    i.__scatterload_copy  mc_w.l(handlers.o)
    0x0800463e   0x0800463e   0x00000002   Code   RO         4458    i.__scatterload_null  mc_w.l(handlers.o)
    0x08004640   0x08004640   0x0000000e   Code   RO         4459    i.__scatterload_zeroinit  mc_w.l(handlers.o)
    0x0800464e   0x0800464e   0x00000002   PAD
    0x08004650   0x08004650   0x0000000c   Code   RO         4424    i.__set_errno       mc_w.l(errno.o)
    0x0800465c   0x0800465c   0x00000184   Code   RO         4271    i._fp_digits        mc_w.l(printfa.o)
    0x080047e0   0x080047e0   0x000006dc   Code   RO         4272    i._printf_core      mc_w.l(printfa.o)
    0x08004ebc   0x08004ebc   0x00000024   Code   RO         4273    i._printf_post_padding  mc_w.l(printfa.o)
    0x08004ee0   0x08004ee0   0x0000002e   Code   RO         4274    i._printf_pre_padding  mc_w.l(printfa.o)
    0x08004f0e   0x08004f0e   0x00000016   Code   RO         4275    i._snputc           mc_w.l(printfa.o)
    0x08004f24   0x08004f24   0x0000000a   Code   RO         4276    i._sputc            mc_w.l(printfa.o)
    0x08004f2e   0x08004f2e   0x00000002   PAD
    0x08004f30   0x08004f30   0x00000270   Code   RO         3969    i.asin              m_ws.l(asin.o)
    0x080051a0   0x080051a0   0x00000220   Code   RO         4361    i.atan              m_ws.l(atan.o)
    0x080053c0   0x080053c0   0x00000180   Code   RO         3979    i.atan2             m_ws.l(atan2.o)
    0x08005540   0x08005540   0x0000003a   Code   RO         2816    i.dmp_enable_6x_lp_quat  inv_mpu_dmp_motion_driver.o
    0x0800557a   0x0800557a   0x00000002   PAD
    0x0800557c   0x0800557c   0x000001d8   Code   RO         2817    i.dmp_enable_feature  inv_mpu_dmp_motion_driver.o
    0x08005754   0x08005754   0x0000003c   Code   RO         2818    i.dmp_enable_gyro_cal  inv_mpu_dmp_motion_driver.o
    0x08005790   0x08005790   0x0000003a   Code   RO         2819    i.dmp_enable_lp_quat  inv_mpu_dmp_motion_driver.o
    0x080057ca   0x080057ca   0x00000002   PAD
    0x080057cc   0x080057cc   0x00000014   Code   RO         2824    i.dmp_load_motion_driver_firmware  inv_mpu_dmp_motion_driver.o
    0x080057e0   0x080057e0   0x00000144   Code   RO         2825    i.dmp_read_fifo     inv_mpu_dmp_motion_driver.o
    0x08005924   0x08005924   0x00000064   Code   RO         2829    i.dmp_set_fifo_rate  inv_mpu_dmp_motion_driver.o
    0x08005988   0x08005988   0x0000010c   Code   RO         2832    i.dmp_set_orientation  inv_mpu_dmp_motion_driver.o
    0x08005a94   0x08005a94   0x00000030   Code   RO         2835    i.dmp_set_shake_reject_thresh  inv_mpu_dmp_motion_driver.o
    0x08005ac4   0x08005ac4   0x00000020   Code   RO         2836    i.dmp_set_shake_reject_time  inv_mpu_dmp_motion_driver.o
    0x08005ae4   0x08005ae4   0x00000020   Code   RO         2837    i.dmp_set_shake_reject_timeout  inv_mpu_dmp_motion_driver.o
    0x08005b04   0x08005b04   0x00000040   Code   RO         2838    i.dmp_set_tap_axes  inv_mpu_dmp_motion_driver.o
    0x08005b44   0x08005b44   0x00000022   Code   RO         2839    i.dmp_set_tap_count  inv_mpu_dmp_motion_driver.o
    0x08005b66   0x08005b66   0x00000002   PAD
    0x08005b68   0x08005b68   0x00000128   Code   RO         2840    i.dmp_set_tap_thresh  inv_mpu_dmp_motion_driver.o
    0x08005c90   0x08005c90   0x00000020   Code   RO         2841    i.dmp_set_tap_time  inv_mpu_dmp_motion_driver.o
    0x08005cb0   0x08005cb0   0x00000020   Code   RO         2842    i.dmp_set_tap_time_multi  inv_mpu_dmp_motion_driver.o
    0x08005cd0   0x08005cd0   0x00000018   Code   RO          286    i.fputc             usart.o
    0x08005ce8   0x08005ce8   0x00000050   Code   RO         4292    i.free              mc_w.l(malloc.o)
    0x08005d38   0x08005d38   0x00000038   Code   RO         3225    i.ft                hmac_sha1.o
    0x08005d70   0x08005d70   0x000000f0   Code   RO         3226    i.hmac_sha1         hmac_sha1.o
    0x08005e60   0x08005e60   0x00000022   Code   RO         2465    i.inv_orientation_matrix_to_scalar  inv_mpu.o
    0x08005e82   0x08005e82   0x00000048   Code   RO         2466    i.inv_row_2_scale   inv_mpu.o
    0x08005eca   0x08005eca   0x00000002   PAD
    0x08005ecc   0x08005ecc   0x00000034   Code   RO         3227    i.k                 hmac_sha1.o
    0x08005f00   0x08005f00   0x00000188   Code   RO           15    i.main              main.o
    0x08006088   0x08006088   0x0000006c   Code   RO         4293    i.malloc            mc_w.l(malloc.o)
    0x080060f4   0x080060f4   0x00000002   Code   RO         2467    i.mget_ms           inv_mpu.o
    0x080060f6   0x080060f6   0x00000002   PAD
    0x080060f8   0x080060f8   0x00000054   Code   RO         2468    i.mpu_configure_fifo  inv_mpu.o
    0x0800614c   0x0800614c   0x0000019c   Code   RO         2469    i.mpu_dmp_get_data  inv_mpu.o
    0x080062e8   0x080062e8   0x00000094   Code   RO         2470    i.mpu_dmp_init      inv_mpu.o
    0x0800637c   0x0800637c   0x0000003c   Code   RO         2471    i.mpu_get_accel_fsr  inv_mpu.o
    0x080063b8   0x080063b8   0x00000188   Code   RO         2487    i.mpu_init          inv_mpu.o
    0x08006540   0x08006540   0x000000a0   Code   RO         2488    i.mpu_load_firmware  inv_mpu.o
    0x080065e0   0x080065e0   0x000000b8   Code   RO         2489    i.mpu_lp_accel_mode  inv_mpu.o
    0x08006698   0x08006698   0x00000090   Code   RO         2492    i.mpu_read_fifo_stream  inv_mpu.o
    0x08006728   0x08006728   0x00000054   Code   RO         2493    i.mpu_read_mem      inv_mpu.o
    0x0800677c   0x0800677c   0x00000160   Code   RO         2496    i.mpu_reset_fifo    inv_mpu.o
    0x080068dc   0x080068dc   0x00000068   Code   RO         2499    i.mpu_set_accel_fsr  inv_mpu.o
    0x08006944   0x08006944   0x000000dc   Code   RO         2500    i.mpu_set_bypass    inv_mpu.o
    0x08006a20   0x08006a20   0x00000078   Code   RO         2502    i.mpu_set_dmp_state  inv_mpu.o
    0x08006a98   0x08006a98   0x0000006c   Code   RO         2503    i.mpu_set_gyro_fsr  inv_mpu.o
    0x08006b04   0x08006b04   0x00000064   Code   RO         2504    i.mpu_set_int_latched  inv_mpu.o
    0x08006b68   0x08006b68   0x0000006c   Code   RO         2506    i.mpu_set_lpf       inv_mpu.o
    0x08006bd4   0x08006bd4   0x00000080   Code   RO         2507    i.mpu_set_sample_rate  inv_mpu.o
    0x08006c54   0x08006c54   0x000000b8   Code   RO         2508    i.mpu_set_sensors   inv_mpu.o
    0x08006d0c   0x08006d0c   0x00000054   Code   RO         2509    i.mpu_write_mem     inv_mpu.o
    0x08006d60   0x08006d60   0x0000001c   Code   RO         3228    i.rotl              hmac_sha1.o
    0x08006d7c   0x08006d7c   0x00000028   Code   RO         3005    i.selectPort        pca9548.o
    0x08006da4   0x08006da4   0x00000108   Code   RO           16    i.sentData_Uart     main.o
    0x08006eac   0x08006eac   0x00000058   Code   RO         2511    i.set_int_enable    inv_mpu.o
    0x08006f04   0x08006f04   0x000001e4   Code   RO         3230    i.sha1              hmac_sha1.o
    0x080070e8   0x080070e8   0x0000004c   Code   RO         4390    i.sqrt              m_ws.l(sqrt.o)
    0x08007134   0x08007134   0x00000012   Data   RO         1132    .constdata          stm32f1xx_hal_rcc.o
    0x08007146   0x08007146   0x00000010   Data   RO         2322    .constdata          system_stm32f1xx.o
    0x08007156   0x08007156   0x00000008   Data   RO         2323    .constdata          system_stm32f1xx.o
    0x0800715e   0x0800715e   0x0000001b   Data   RO         2513    .constdata          inv_mpu.o
    0x08007179   0x08007179   0x00000001   PAD
    0x0800717a   0x0800717a   0x0000000c   Data   RO         2514    .constdata          inv_mpu.o
    0x08007186   0x08007186   0x00000002   PAD
    0x08007188   0x08007188   0x00000028   Data   RO         2515    .constdata          inv_mpu.o
    0x080071b0   0x080071b0   0x00000bf6   Data   RO         2844    .constdata          inv_mpu_dmp_motion_driver.o
    0x08007da6   0x08007da6   0x000000c0   Data   RO         3204    .constdata          base64.o
    0x08007e66   0x08007e66   0x000005f0   Data   RO         3493    .constdata          oled.o
    0x08008456   0x08008456   0x00000002   PAD
    0x08008458   0x08008458   0x00000050   Data   RO         3970    .constdata          m_ws.l(asin.o)
    0x080084a8   0x080084a8   0x00000098   Data   RO         4362    .constdata          m_ws.l(atan.o)
    0x08008540   0x08008540   0x00000008   Data   RO         4388    .constdata          m_ws.l(qnan.o)
    0x08008548   0x08008548   0x0000004d   Data   RO         2516    .conststring        inv_mpu.o
    0x08008595   0x08008595   0x00000003   PAD
    0x08008598   0x08008598   0x00000047   Data   RO         3108    .conststring        onenet.o
    0x080085df   0x080085df   0x00000001   PAD
    0x080085e0   0x080085e0   0x00000020   Data   RO         4455    Region$$Table       anon$$obj.o


    Execution Region RW_IRAM1 (Exec base: 0x20000000, Load base: 0x08008600, Size: 0x00000d10, Max: 0x00005000, ABSOLUTE)

    Exec Addr    Load Addr    Size         Type   Attr      Idx    E Section Name        Object

    0x20000000   0x08008600   0x0000003c   Data   RW           18    .data               main.o
    0x2000003c   0x0800863c   0x0000000c   Data   RW          969    .data               stm32f1xx_hal.o
    0x20000048   0x08008648   0x00000004   Data   RW         2324    .data               system_stm32f1xx.o
    0x2000004c   0x0800864c   0x00000035   Data   RW         2517    .data               inv_mpu.o
    0x20000081   0x08008681   0x00000001   PAD
    0x20000082   0x08008682   0x00000004   Data   RW         3040    .data               esp8266.o
    0x20000086   0x08008686   0x00000001   Data   RW         3596    .data               uart.o
    0x20000087   0x08008687   0x00000001   PAD
    0x20000088   0x08008688   0x00000004   Data   RW         4411    .data               mc_w.l(stdout.o)
    0x2000008c   0x0800868c   0x00000004   Data   RW         4420    .data               mc_w.l(mvars.o)
    0x20000090   0x08008690   0x00000004   Data   RW         4421    .data               mc_w.l(mvars.o)
    0x20000094   0x08008694   0x00000004   Data   RW         4425    .data               mc_w.l(errno.o)
    0x20000098        -       0x00000032   Zero   RW           17    .bss                main.o
    0x200000ca   0x08008698   0x00000002   PAD
    0x200000cc        -       0x00000054   Zero   RW          242    .bss                i2c.o
    0x20000120        -       0x0000015c   Zero   RW          287    .bss                usart.o
    0x2000027c        -       0x00000010   Zero   RW         2843    .bss                inv_mpu_dmp_motion_driver.o
    0x2000028c        -       0x00000080   Zero   RW         3039    .bss                esp8266.o
    0x2000030c   0x08008698   0x00000004   PAD
    0x20000310        -       0x00000200   Zero   RW            2    HEAP                startup_stm32f103xb.o
    0x20000510        -       0x00000800   Zero   RW            1    STACK               startup_stm32f103xb.o


==============================================================================

Image component sizes


      Code (inc. data)   RO Data    RW Data    ZI Data      Debug   Object Name

       588         10        192          0          0       2824   base64.o
        76          4          0          0          0        730   dma.o
       904        438          0          4        128       4972   esp8266.o
       128          8          0          0          0        907   gpio.o
       860         30          0          0          0       4989   hmac_sha1.o
       156         26          0          0         84       1545   i2c.o
      3372        180        156         53          0      21212   inv_mpu.o
      1930        104       3062          0         16      17521   inv_mpu_dmp_motion_driver.o
       754        142          0         60         50     406980   main.o
       424         22          0          0          0       5314   mpu6050.o
      1378         48          0          0          0       9961   mqttkit.o
       762         26       1520          0          0       7721   oled.o
      1944        928         71          0          0       5992   onenet.o
        40          6          0          0          0        485   pca9548.o
        36          8        236          0       2560        780   startup_stm32f103xb.o
       164         28          0         12          0       5729   stm32f1xx_hal.o
       198         14          0          0          0      28831   stm32f1xx_hal_cortex.o
       808         36          0          0          0       4838   stm32f1xx_hal_dma.o
       490         34          0          0          0       2824   stm32f1xx_hal_gpio.o
      2826         72          0          0          0      14652   stm32f1xx_hal_i2c.o
        60          8          0          0          0        830   stm32f1xx_hal_msp.o
      1240         84         18          0          0       4992   stm32f1xx_hal_rcc.o
      1864         24          0          0          0      14674   stm32f1xx_hal_uart.o
        80         30          0          0          0       5791   stm32f1xx_it.o
         2          0         24          4          0       1055   system_stm32f1xx.o
        60         16          0          1          0       1616   uart.o
       500         46          0          0        348       2980   usart.o

    ----------------------------------------------------------------------
     21684       2372       5320        136       3192     580745   Object Totals
         0          0         32          0          0          0   (incl. Generated)
        40          0          9          2          6          0   (incl. Padding)

    ----------------------------------------------------------------------

      Code (inc. data)   RO Data    RW Data    ZI Data      Debug   Library Member Name

       624         52         80          0          0        168   asin.o
       544         70        152          0          0        124   atan.o
       384         38          0          0          0        144   atan2.o
        38          6          0          0          0        272   dunder.o
        40          0          0          0          0         68   fpclassify.o
       170          0          0          0          0         96   poly.o
         0          0          8          0          0          0   qnan.o
        76          0          0          0          0         84   sqrt.o
         0          0          0          0          0          0   entry.o
         0          0          0          0          0          0   entry10a.o
         0          0          0          0          0          0   entry11a.o
         8          4          0          0          0          0   entry2.o
         4          0          0          0          0          0   entry5.o
         0          0          0          0          0          0   entry7b.o
         0          0          0          0          0          0   entry8b.o
         8          4          0          0          0          0   entry9a.o
        12          6          0          4          0         68   errno.o
        30          0          0          0          0          0   handlers.o
        36          8          0          0          0         68   init.o
         0          0          0          0          0          0   iusefp.o
        30          0          0          0          0         68   llshl.o
        36          0          0          0          0         68   llsshr.o
        32          0          0          0          0         68   llushr.o
       188         20          0          0          0        160   malloc.o
        26          0          0          0          0         80   memcmp.o
        36          0          0          0          0         68   memcpya.o
        36          0          0          0          0        108   memseta.o
         0          0          0          8          0          0   mvars.o
      2378        100          0          0          0        756   printfa.o
         0          0          0          4          0          0   stdout.o
        24          0          0          0          0         68   strcat.o
        20          0          0          0          0         68   strchr.o
        18          0          0          0          0         68   strcpy.o
        14          0          0          0          0         68   strlen.o
        40          0          0          0          0         76   strncat.o
        36          0          0          0          0         80   strstr.o
        44          0          0          0          0         80   uidiv.o
        98          0          0          0          0         92   uldiv.o
        48          0          0          0          0         68   cdrcmple.o
        56          0          0          0          0         88   d2f.o
       334          0          0          0          0        148   dadd.o
       222          0          0          0          0        100   ddiv.o
       186          0          0          0          0        176   depilogue.o
        48          0          0          0          0         68   dfixul.o
       228          0          0          0          0         96   dmul.o
        46          0          0          0          0         80   dscalb.o
       162          0          0          0          0        100   dsqrt.o
        38          0          0          0          0         68   f2d.o
       176          0          0          0          0        140   fadd.o
       124          0          0          0          0         88   fdiv.o
       110          0          0          0          0        168   fepilogue.o
        50          0          0          0          0         68   ffixi.o
        40          0          0          0          0         68   ffixui.o
        18          0          0          0          0         68   fflti.o
        10          0          0          0          0         68   ffltui.o
       100          0          0          0          0         76   fmul.o
        24          0          0          0          0         68   fscalb.o

    ----------------------------------------------------------------------
      7060        308        240         16          0       4872   Library Totals
        10          0          0          0          0          0   (incl. Padding)

    ----------------------------------------------------------------------

      Code (inc. data)   RO Data    RW Data    ZI Data      Debug   Library Name

      1876        166        240          0          0        956   m_ws.l
      3154        142          0         16          0       2112   mc_w.l
      2020          0          0          0          0       1804   mf_w.l

    ----------------------------------------------------------------------
      7060        308        240         16          0       4872   Library Totals

    ----------------------------------------------------------------------

==============================================================================


      Code (inc. data)   RO Data    RW Data    ZI Data      Debug   

     28744       2680       5560        152       3192     574069   Grand Totals
     28744       2680       5560        152       3192     574069   ELF Image Totals
     28744       2680       5560        152          0          0   ROM Totals

==============================================================================

    Total RO  Size (Code + RO Data)                34304 (  33.50kB)
    Total RW  Size (RW Data + ZI Data)              3344 (   3.27kB)
    Total ROM Size (Code + RO Data + RW Data)      34456 (  33.65kB)

==============================================================================

